[case 1/66] clqr_jax_cuda N=32 n=8 m=4 generating fixture (elapsed 0.0s)
[case 1/66] clqr_jax_cuda N=32 n=8 m=4 packing and uploading inputs (elapsed 0.0s)
[case 1/66] clqr_jax_cuda N=32 n=8 m=4 compiling JAX solve (elapsed 0.0s)
[case 1/66] clqr_jax_cuda N=32 n=8 m=4 warmup (1 solve) (elapsed 0.1s)
[case 1/66] clqr_jax_cuda N=32 n=8 m=4 timing resident solves: at least 1.0 measured seconds (elapsed 0.1s)
[case 1/66] clqr_jax_cuda N=32 n=8 m=4 validation (elapsed 1.1s)
[case 1/66] clqr_jax_cuda N=32 n=8 m=4 DONE status=ok (elapsed 1.1s)
[case 2/66] clqr_jax_cuda N=64 n=8 m=4 generating fixture (elapsed 0.0s)
[case 2/66] clqr_jax_cuda N=64 n=8 m=4 packing and uploading inputs (elapsed 0.0s)
[case 2/66] clqr_jax_cuda N=64 n=8 m=4 compiling JAX solve (elapsed 0.0s)
[case 2/66] clqr_jax_cuda N=64 n=8 m=4 warmup (1 solve) (elapsed 0.1s)
[case 2/66] clqr_jax_cuda N=64 n=8 m=4 timing resident solves: at least 1.0 measured seconds (elapsed 0.1s)
[case 2/66] clqr_jax_cuda N=64 n=8 m=4 validation (elapsed 1.1s)
[case 2/66] clqr_jax_cuda N=64 n=8 m=4 DONE status=ok (elapsed 1.1s)
[case 3/66] clqr_jax_cuda N=128 n=8 m=4 generating fixture (elapsed 0.0s)
[case 3/66] clqr_jax_cuda N=128 n=8 m=4 packing and uploading inputs (elapsed 0.0s)
[case 3/66] clqr_jax_cuda N=128 n=8 m=4 compiling JAX solve (elapsed 0.0s)
[case 3/66] clqr_jax_cuda N=128 n=8 m=4 warmup (1 solve) (elapsed 0.1s)
[case 3/66] clqr_jax_cuda N=128 n=8 m=4 timing resident solves: at least 1.0 measured seconds (elapsed 0.1s)
[case 3/66] clqr_jax_cuda N=128 n=8 m=4 validation (elapsed 1.1s)
[case 3/66] clqr_jax_cuda N=128 n=8 m=4 DONE status=ok (elapsed 1.1s)
[case 4/66] clqr_jax_cuda N=256 n=8 m=4 generating fixture (elapsed 0.0s)
[case 4/66] clqr_jax_cuda N=256 n=8 m=4 packing and uploading inputs (elapsed 0.0s)
[case 4/66] clqr_jax_cuda N=256 n=8 m=4 compiling JAX solve (elapsed 0.0s)
[case 4/66] clqr_jax_cuda N=256 n=8 m=4 warmup (1 solve) (elapsed 0.1s)
[case 4/66] clqr_jax_cuda N=256 n=8 m=4 timing resident solves: at least 1.0 measured seconds (elapsed 0.1s)
[case 4/66] clqr_jax_cuda N=256 n=8 m=4 validation (elapsed 1.1s)
[case 4/66] clqr_jax_cuda N=256 n=8 m=4 DONE status=ok (elapsed 1.1s)
[case 5/66] clqr_jax_cuda N=512 n=8 m=4 generating fixture (elapsed 0.0s)
[case 5/66] clqr_jax_cuda N=512 n=8 m=4 packing and uploading inputs (elapsed 0.0s)
[case 5/66] clqr_jax_cuda N=512 n=8 m=4 compiling JAX solve (elapsed 0.0s)
[case 5/66] clqr_jax_cuda N=512 n=8 m=4 warmup (1 solve) (elapsed 0.1s)
[case 5/66] clqr_jax_cuda N=512 n=8 m=4 timing resident solves: at least 1.0 measured seconds (elapsed 0.1s)
[case 5/66] clqr_jax_cuda N=512 n=8 m=4 validation (elapsed 1.1s)
[case 5/66] clqr_jax_cuda N=512 n=8 m=4 DONE status=ok (elapsed 1.2s)
[case 6/66] clqr_jax_cuda N=1024 n=8 m=4 generating fixture (elapsed 0.0s)
[case 6/66] clqr_jax_cuda N=1024 n=8 m=4 packing and uploading inputs (elapsed 0.1s)
[case 6/66] clqr_jax_cuda N=1024 n=8 m=4 compiling JAX solve (elapsed 0.1s)
[case 6/66] clqr_jax_cuda N=1024 n=8 m=4 warmup (1 solve) (elapsed 0.1s)
[case 6/66] clqr_jax_cuda N=1024 n=8 m=4 timing resident solves: at least 1.0 measured seconds (elapsed 0.2s)
[case 6/66] clqr_jax_cuda N=1024 n=8 m=4 validation (elapsed 1.2s)
[case 6/66] clqr_jax_cuda N=1024 n=8 m=4 DONE status=ok (elapsed 1.2s)
[case 7/66] clqr_jax_cuda N=2048 n=8 m=4 generating fixture (elapsed 0.0s)
[case 7/66] clqr_jax_cuda N=2048 n=8 m=4 packing and uploading inputs (elapsed 0.1s)
[case 7/66] clqr_jax_cuda N=2048 n=8 m=4 compiling JAX solve (elapsed 0.1s)
[case 7/66] clqr_jax_cuda N=2048 n=8 m=4 warmup (1 solve) (elapsed 0.2s)
[case 7/66] clqr_jax_cuda N=2048 n=8 m=4 timing resident solves: at least 1.0 measured seconds (elapsed 0.2s)
[case 7/66] clqr_jax_cuda N=2048 n=8 m=4 validation (elapsed 1.2s)
[case 7/66] clqr_jax_cuda N=2048 n=8 m=4 DONE status=inaccurate (elapsed 1.3s)
[case 8/66] clqr_jax_cuda N=4096 n=8 m=4 generating fixture (elapsed 0.0s)
[case 8/66] clqr_jax_cuda N=4096 n=8 m=4 packing and uploading inputs (elapsed 0.2s)
[case 8/66] clqr_jax_cuda N=4096 n=8 m=4 compiling JAX solve (elapsed 0.2s)
[case 8/66] clqr_jax_cuda N=4096 n=8 m=4 warmup (1 solve) (elapsed 0.3s)
[case 8/66] clqr_jax_cuda N=4096 n=8 m=4 timing resident solves: at least 1.0 measured seconds (elapsed 0.3s)
[case 8/66] clqr_jax_cuda N=4096 n=8 m=4 validation (elapsed 1.3s)
[case 8/66] clqr_jax_cuda N=4096 n=8 m=4 DONE status=ok (elapsed 1.5s)
[case 9/66] clqr_jax_cuda N=8192 n=8 m=4 generating fixture (elapsed 0.0s)
[case 9/66] clqr_jax_cuda N=8192 n=8 m=4 packing and uploading inputs (elapsed 0.4s)
[case 9/66] clqr_jax_cuda N=8192 n=8 m=4 compiling JAX solve (elapsed 0.4s)
[case 9/66] clqr_jax_cuda N=8192 n=8 m=4 warmup (1 solve) (elapsed 0.5s)
[case 9/66] clqr_jax_cuda N=8192 n=8 m=4 timing resident solves: at least 1.0 measured seconds (elapsed 0.5s)
[case 9/66] clqr_jax_cuda N=8192 n=8 m=4 validation (elapsed 1.5s)
[case 9/66] clqr_jax_cuda N=8192 n=8 m=4 DONE status=ok (elapsed 2.0s)
[case 10/66] clqr_jax_cuda N=16384 n=8 m=4 generating fixture (elapsed 0.0s)
[case 10/66] clqr_jax_cuda N=16384 n=8 m=4 packing and uploading inputs (elapsed 0.7s)
[case 10/66] clqr_jax_cuda N=16384 n=8 m=4 compiling JAX solve (elapsed 0.8s)
[case 10/66] clqr_jax_cuda N=16384 n=8 m=4 warmup (1 solve) (elapsed 0.8s)
[case 10/66] clqr_jax_cuda N=16384 n=8 m=4 timing resident solves: at least 1.0 measured seconds (elapsed 0.9s)
[case 10/66] clqr_jax_cuda N=16384 n=8 m=4 validation (elapsed 1.9s)
[case 10/66] clqr_jax_cuda N=16384 n=8 m=4 DONE status=ok (elapsed 2.8s)
[case 11/66] clqr_jax_cuda N=32768 n=8 m=4 generating fixture (elapsed 0.0s)
[case 11/66] clqr_jax_cuda N=32768 n=8 m=4 packing and uploading inputs (elapsed 1.3s)
[case 11/66] clqr_jax_cuda N=32768 n=8 m=4 compiling JAX solve (elapsed 1.5s)
[case 11/66] clqr_jax_cuda N=32768 n=8 m=4 warmup (1 solve) (elapsed 1.5s)
[case 11/66] clqr_jax_cuda N=32768 n=8 m=4 timing resident solves: at least 1.0 measured seconds (elapsed 1.6s)
[case 11/66] clqr_jax_cuda N=32768 n=8 m=4 validation (elapsed 2.6s)
[case 11/66] clqr_jax_cuda N=32768 n=8 m=4 DONE status=ok (elapsed 4.4s)
[case 12/66] clqr_jax_cuda N=32 n=16 m=8 generating fixture (elapsed 0.0s)
[case 12/66] clqr_jax_cuda N=32 n=16 m=8 packing and uploading inputs (elapsed 0.0s)
[case 12/66] clqr_jax_cuda N=32 n=16 m=8 compiling JAX solve (elapsed 0.0s)
[case 12/66] clqr_jax_cuda N=32 n=16 m=8 warmup (1 solve) (elapsed 0.1s)
[case 12/66] clqr_jax_cuda N=32 n=16 m=8 timing resident solves: at least 1.0 measured seconds (elapsed 0.1s)
[case 12/66] clqr_jax_cuda N=32 n=16 m=8 validation (elapsed 1.1s)
[case 12/66] clqr_jax_cuda N=32 n=16 m=8 DONE status=ok (elapsed 1.1s)
[case 13/66] clqr_jax_cuda N=64 n=16 m=8 generating fixture (elapsed 0.0s)
[case 13/66] clqr_jax_cuda N=64 n=16 m=8 packing and uploading inputs (elapsed 0.0s)
[case 13/66] clqr_jax_cuda N=64 n=16 m=8 compiling JAX solve (elapsed 0.0s)
[case 13/66] clqr_jax_cuda N=64 n=16 m=8 warmup (1 solve) (elapsed 0.1s)
[case 13/66] clqr_jax_cuda N=64 n=16 m=8 timing resident solves: at least 1.0 measured seconds (elapsed 0.1s)
[case 13/66] clqr_jax_cuda N=64 n=16 m=8 validation (elapsed 1.1s)
[case 13/66] clqr_jax_cuda N=64 n=16 m=8 DONE status=ok (elapsed 1.1s)
[case 14/66] clqr_jax_cuda N=128 n=16 m=8 generating fixture (elapsed 0.0s)
[case 14/66] clqr_jax_cuda N=128 n=16 m=8 packing and uploading inputs (elapsed 0.0s)
[case 14/66] clqr_jax_cuda N=128 n=16 m=8 compiling JAX solve (elapsed 0.0s)
[case 14/66] clqr_jax_cuda N=128 n=16 m=8 warmup (1 solve) (elapsed 0.1s)
[case 14/66] clqr_jax_cuda N=128 n=16 m=8 timing resident solves: at least 1.0 measured seconds (elapsed 0.1s)
[case 14/66] clqr_jax_cuda N=128 n=16 m=8 validation (elapsed 1.1s)
[case 14/66] clqr_jax_cuda N=128 n=16 m=8 DONE status=ok (elapsed 1.1s)
[case 15/66] clqr_jax_cuda N=256 n=16 m=8 generating fixture (elapsed 0.0s)
[case 15/66] clqr_jax_cuda N=256 n=16 m=8 packing and uploading inputs (elapsed 0.0s)
[case 15/66] clqr_jax_cuda N=256 n=16 m=8 compiling JAX solve (elapsed 0.0s)
[case 15/66] clqr_jax_cuda N=256 n=16 m=8 warmup (1 solve) (elapsed 0.1s)
[case 15/66] clqr_jax_cuda N=256 n=16 m=8 timing resident solves: at least 1.0 measured seconds (elapsed 0.1s)
[case 15/66] clqr_jax_cuda N=256 n=16 m=8 validation (elapsed 1.1s)
[case 15/66] clqr_jax_cuda N=256 n=16 m=8 DONE status=ok (elapsed 1.1s)
[case 16/66] clqr_jax_cuda N=512 n=16 m=8 generating fixture (elapsed 0.0s)
[case 16/66] clqr_jax_cuda N=512 n=16 m=8 packing and uploading inputs (elapsed 0.0s)
[case 16/66] clqr_jax_cuda N=512 n=16 m=8 compiling JAX solve (elapsed 0.1s)
[case 16/66] clqr_jax_cuda N=512 n=16 m=8 warmup (1 solve) (elapsed 0.1s)
[case 16/66] clqr_jax_cuda N=512 n=16 m=8 timing resident solves: at least 1.0 measured seconds (elapsed 0.1s)
[case 16/66] clqr_jax_cuda N=512 n=16 m=8 validation (elapsed 1.1s)
[case 16/66] clqr_jax_cuda N=512 n=16 m=8 DONE status=ok (elapsed 1.2s)
[case 17/66] clqr_jax_cuda N=1024 n=16 m=8 generating fixture (elapsed 0.0s)
[case 17/66] clqr_jax_cuda N=1024 n=16 m=8 packing and uploading inputs (elapsed 0.1s)
[case 17/66] clqr_jax_cuda N=1024 n=16 m=8 compiling JAX solve (elapsed 0.1s)
[case 17/66] clqr_jax_cuda N=1024 n=16 m=8 warmup (1 solve) (elapsed 0.2s)
[case 17/66] clqr_jax_cuda N=1024 n=16 m=8 timing resident solves: at least 1.0 measured seconds (elapsed 0.2s)
[case 17/66] clqr_jax_cuda N=1024 n=16 m=8 validation (elapsed 1.2s)
[case 17/66] clqr_jax_cuda N=1024 n=16 m=8 DONE status=ok (elapsed 1.2s)
[case 18/66] clqr_jax_cuda N=2048 n=16 m=8 generating fixture (elapsed 0.0s)
[case 18/66] clqr_jax_cuda N=2048 n=16 m=8 packing and uploading inputs (elapsed 0.1s)
[case 18/66] clqr_jax_cuda N=2048 n=16 m=8 compiling JAX solve (elapsed 0.2s)
[case 18/66] clqr_jax_cuda N=2048 n=16 m=8 warmup (1 solve) (elapsed 0.2s)
[case 18/66] clqr_jax_cuda N=2048 n=16 m=8 timing resident solves: at least 1.0 measured seconds (elapsed 0.2s)
[case 18/66] clqr_jax_cuda N=2048 n=16 m=8 validation (elapsed 1.2s)
[case 18/66] clqr_jax_cuda N=2048 n=16 m=8 DONE status=ok (elapsed 1.4s)
[case 19/66] clqr_jax_cuda N=4096 n=16 m=8 generating fixture (elapsed 0.0s)
[case 19/66] clqr_jax_cuda N=4096 n=16 m=8 packing and uploading inputs (elapsed 0.2s)
[case 19/66] clqr_jax_cuda N=4096 n=16 m=8 compiling JAX solve (elapsed 0.3s)
[case 19/66] clqr_jax_cuda N=4096 n=16 m=8 warmup (1 solve) (elapsed 0.3s)
[case 19/66] clqr_jax_cuda N=4096 n=16 m=8 timing resident solves: at least 1.0 measured seconds (elapsed 0.3s)
[case 19/66] clqr_jax_cuda N=4096 n=16 m=8 validation (elapsed 1.3s)
[case 19/66] clqr_jax_cuda N=4096 n=16 m=8 DONE status=ok (elapsed 1.6s)
[case 20/66] clqr_jax_cuda N=8192 n=16 m=8 generating fixture (elapsed 0.0s)
[case 20/66] clqr_jax_cuda N=8192 n=16 m=8 packing and uploading inputs (elapsed 0.4s)
[case 20/66] clqr_jax_cuda N=8192 n=16 m=8 compiling JAX solve (elapsed 0.5s)
[case 20/66] clqr_jax_cuda N=8192 n=16 m=8 warmup (1 solve) (elapsed 0.5s)
[case 20/66] clqr_jax_cuda N=8192 n=16 m=8 timing resident solves: at least 1.0 measured seconds (elapsed 0.6s)
[case 20/66] clqr_jax_cuda N=8192 n=16 m=8 validation (elapsed 1.6s)
[case 20/66] clqr_jax_cuda N=8192 n=16 m=8 DONE status=ok (elapsed 2.1s)
[case 21/66] clqr_jax_cuda N=16384 n=16 m=8 generating fixture (elapsed 0.0s)
[case 21/66] clqr_jax_cuda N=16384 n=16 m=8 packing and uploading inputs (elapsed 0.8s)
[case 21/66] clqr_jax_cuda N=16384 n=16 m=8 compiling JAX solve (elapsed 0.9s)
[case 21/66] clqr_jax_cuda N=16384 n=16 m=8 warmup (1 solve) (elapsed 1.0s)
[case 21/66] clqr_jax_cuda N=16384 n=16 m=8 timing resident solves: at least 1.0 measured seconds (elapsed 1.1s)
[case 21/66] clqr_jax_cuda N=16384 n=16 m=8 validation (elapsed 2.1s)
[case 21/66] clqr_jax_cuda N=16384 n=16 m=8 DONE status=ok (elapsed 3.1s)
[case 22/66] clqr_jax_cuda N=32768 n=16 m=8 generating fixture (elapsed 0.0s)
[case 22/66] clqr_jax_cuda N=32768 n=16 m=8 packing and uploading inputs (elapsed 1.5s)
[case 22/66] clqr_jax_cuda N=32768 n=16 m=8 compiling JAX solve (elapsed 1.8s)
[case 22/66] clqr_jax_cuda N=32768 n=16 m=8 warmup (1 solve) (elapsed 1.9s)
[case 22/66] clqr_jax_cuda N=32768 n=16 m=8 timing resident solves: at least 1.0 measured seconds (elapsed 2.0s)
[case 22/66] clqr_jax_cuda N=32768 n=16 m=8 validation (elapsed 3.0s)
[case 22/66] clqr_jax_cuda N=32768 n=16 m=8 DONE status=ok (elapsed 5.0s)
[case 23/66] clqr_jax_cuda N=32 n=24 m=12 generating fixture (elapsed 0.0s)
[case 23/66] clqr_jax_cuda N=32 n=24 m=12 packing and uploading inputs (elapsed 0.0s)
[case 23/66] clqr_jax_cuda N=32 n=24 m=12 compiling JAX solve (elapsed 0.0s)
[case 23/66] clqr_jax_cuda N=32 n=24 m=12 warmup (1 solve) (elapsed 0.1s)
[case 23/66] clqr_jax_cuda N=32 n=24 m=12 timing resident solves: at least 1.0 measured seconds (elapsed 0.1s)
[case 23/66] clqr_jax_cuda N=32 n=24 m=12 validation (elapsed 1.1s)
[case 23/66] clqr_jax_cuda N=32 n=24 m=12 DONE status=ok (elapsed 1.1s)
[case 24/66] clqr_jax_cuda N=64 n=24 m=12 generating fixture (elapsed 0.0s)
[case 24/66] clqr_jax_cuda N=64 n=24 m=12 packing and uploading inputs (elapsed 0.0s)
[case 24/66] clqr_jax_cuda N=64 n=24 m=12 compiling JAX solve (elapsed 0.0s)
[case 24/66] clqr_jax_cuda N=64 n=24 m=12 warmup (1 solve) (elapsed 0.1s)
[case 24/66] clqr_jax_cuda N=64 n=24 m=12 timing resident solves: at least 1.0 measured seconds (elapsed 0.1s)
[case 24/66] clqr_jax_cuda N=64 n=24 m=12 validation (elapsed 1.1s)
[case 24/66] clqr_jax_cuda N=64 n=24 m=12 DONE status=ok (elapsed 1.1s)
[case 25/66] clqr_jax_cuda N=128 n=24 m=12 generating fixture (elapsed 0.0s)
[case 25/66] clqr_jax_cuda N=128 n=24 m=12 packing and uploading inputs (elapsed 0.0s)
[case 25/66] clqr_jax_cuda N=128 n=24 m=12 compiling JAX solve (elapsed 0.0s)
[case 25/66] clqr_jax_cuda N=128 n=24 m=12 warmup (1 solve) (elapsed 0.1s)
[case 25/66] clqr_jax_cuda N=128 n=24 m=12 timing resident solves: at least 1.0 measured seconds (elapsed 0.1s)
[case 25/66] clqr_jax_cuda N=128 n=24 m=12 validation (elapsed 1.1s)
[case 25/66] clqr_jax_cuda N=128 n=24 m=12 DONE status=ok (elapsed 1.1s)
[case 26/66] clqr_jax_cuda N=256 n=24 m=12 generating fixture (elapsed 0.0s)
[case 26/66] clqr_jax_cuda N=256 n=24 m=12 packing and uploading inputs (elapsed 0.0s)
[case 26/66] clqr_jax_cuda N=256 n=24 m=12 compiling JAX solve (elapsed 0.0s)
[case 26/66] clqr_jax_cuda N=256 n=24 m=12 warmup (1 solve) (elapsed 0.1s)
[case 26/66] clqr_jax_cuda N=256 n=24 m=12 timing resident solves: at least 1.0 measured seconds (elapsed 0.1s)
[case 26/66] clqr_jax_cuda N=256 n=24 m=12 validation (elapsed 1.1s)
[case 26/66] clqr_jax_cuda N=256 n=24 m=12 DONE status=ok (elapsed 1.1s)
[case 27/66] clqr_jax_cuda N=512 n=24 m=12 generating fixture (elapsed 0.0s)
[case 27/66] clqr_jax_cuda N=512 n=24 m=12 packing and uploading inputs (elapsed 0.1s)
[case 27/66] clqr_jax_cuda N=512 n=24 m=12 compiling JAX solve (elapsed 0.1s)
[case 27/66] clqr_jax_cuda N=512 n=24 m=12 warmup (1 solve) (elapsed 0.1s)
[case 27/66] clqr_jax_cuda N=512 n=24 m=12 timing resident solves: at least 1.0 measured seconds (elapsed 0.2s)
[case 27/66] clqr_jax_cuda N=512 n=24 m=12 validation (elapsed 1.2s)
[case 27/66] clqr_jax_cuda N=512 n=24 m=12 DONE status=ok (elapsed 1.2s)
[case 28/66] clqr_jax_cuda N=1024 n=24 m=12 generating fixture (elapsed 0.0s)
[case 28/66] clqr_jax_cuda N=1024 n=24 m=12 packing and uploading inputs (elapsed 0.1s)
[case 28/66] clqr_jax_cuda N=1024 n=24 m=12 compiling JAX solve (elapsed 0.1s)
[case 28/66] clqr_jax_cuda N=1024 n=24 m=12 warmup (1 solve) (elapsed 0.2s)
[case 28/66] clqr_jax_cuda N=1024 n=24 m=12 timing resident solves: at least 1.0 measured seconds (elapsed 0.2s)
[case 28/66] clqr_jax_cuda N=1024 n=24 m=12 validation (elapsed 1.2s)
[case 28/66] clqr_jax_cuda N=1024 n=24 m=12 DONE status=ok (elapsed 1.3s)
[case 29/66] clqr_jax_cuda N=2048 n=24 m=12 generating fixture (elapsed 0.0s)
[case 29/66] clqr_jax_cuda N=2048 n=24 m=12 packing and uploading inputs (elapsed 0.2s)
[case 29/66] clqr_jax_cuda N=2048 n=24 m=12 compiling JAX solve (elapsed 0.2s)
[case 29/66] clqr_jax_cuda N=2048 n=24 m=12 warmup (1 solve) (elapsed 0.2s)
[case 29/66] clqr_jax_cuda N=2048 n=24 m=12 timing resident solves: at least 1.0 measured seconds (elapsed 0.3s)
[case 29/66] clqr_jax_cuda N=2048 n=24 m=12 validation (elapsed 1.3s)
[case 29/66] clqr_jax_cuda N=2048 n=24 m=12 DONE status=ok (elapsed 1.4s)
[case 30/66] clqr_jax_cuda N=4096 n=24 m=12 generating fixture (elapsed 0.0s)
[case 30/66] clqr_jax_cuda N=4096 n=24 m=12 packing and uploading inputs (elapsed 0.3s)
[case 30/66] clqr_jax_cuda N=4096 n=24 m=12 compiling JAX solve (elapsed 0.3s)
[case 30/66] clqr_jax_cuda N=4096 n=24 m=12 warmup (1 solve) (elapsed 0.4s)
[case 30/66] clqr_jax_cuda N=4096 n=24 m=12 timing resident solves: at least 1.0 measured seconds (elapsed 0.4s)
[case 30/66] clqr_jax_cuda N=4096 n=24 m=12 validation (elapsed 1.4s)
[case 30/66] clqr_jax_cuda N=4096 n=24 m=12 DONE status=ok (elapsed 1.7s)
[case 31/66] clqr_jax_cuda N=8192 n=24 m=12 generating fixture (elapsed 0.0s)
[case 31/66] clqr_jax_cuda N=8192 n=24 m=12 packing and uploading inputs (elapsed 0.5s)
[case 31/66] clqr_jax_cuda N=8192 n=24 m=12 compiling JAX solve (elapsed 0.6s)
[case 31/66] clqr_jax_cuda N=8192 n=24 m=12 warmup (1 solve) (elapsed 0.7s)
[case 31/66] clqr_jax_cuda N=8192 n=24 m=12 timing resident solves: at least 1.0 measured seconds (elapsed 0.8s)
[case 31/66] clqr_jax_cuda N=8192 n=24 m=12 validation (elapsed 1.8s)
[case 31/66] clqr_jax_cuda N=8192 n=24 m=12 DONE status=ok (elapsed 2.3s)
[case 32/66] clqr_jax_cuda N=16384 n=24 m=12 generating fixture (elapsed 0.0s)
[case 32/66] clqr_jax_cuda N=16384 n=24 m=12 packing and uploading inputs (elapsed 1.0s)
[case 32/66] clqr_jax_cuda N=16384 n=24 m=12 compiling JAX solve (elapsed 1.2s)
[case 32/66] clqr_jax_cuda N=16384 n=24 m=12 warmup (1 solve) (elapsed 1.3s)
[case 32/66] clqr_jax_cuda N=16384 n=24 m=12 timing resident solves: at least 1.0 measured seconds (elapsed 1.5s)
[case 32/66] clqr_jax_cuda N=16384 n=24 m=12 validation (elapsed 2.5s)
[case 32/66] clqr_jax_cuda N=16384 n=24 m=12 DONE status=ok (elapsed 3.6s)
[case 33/66] clqr_jax_cuda N=32768 n=24 m=12 generating fixture (elapsed 0.0s)
[case 33/66] clqr_jax_cuda N=32768 n=24 m=12 packing and uploading inputs (elapsed 2.0s)
[case 33/66] clqr_jax_cuda N=32768 n=24 m=12 compiling JAX solve (elapsed 2.4s)
[case 33/66] clqr_jax_cuda N=32768 n=24 m=12 warmup (1 solve) (elapsed 2.5s)
[case 33/66] clqr_jax_cuda N=32768 n=24 m=12 timing resident solves: at least 1.0 measured seconds (elapsed 2.9s)
[case 33/66] clqr_jax_cuda N=32768 n=24 m=12 validation (elapsed 4.0s)
[case 33/66] clqr_jax_cuda N=32768 n=24 m=12 DONE status=ok (elapsed 6.1s)
[case 34/66] clqr_jax_cuda N=32 n=32 m=16 generating fixture (elapsed 0.0s)
[case 34/66] clqr_jax_cuda N=32 n=32 m=16 packing and uploading inputs (elapsed 0.0s)
[case 34/66] clqr_jax_cuda N=32 n=32 m=16 compiling JAX solve (elapsed 0.0s)
[case 34/66] clqr_jax_cuda N=32 n=32 m=16 warmup (1 solve) (elapsed 0.1s)
[case 34/66] clqr_jax_cuda N=32 n=32 m=16 timing resident solves: at least 1.0 measured seconds (elapsed 0.1s)
[case 34/66] clqr_jax_cuda N=32 n=32 m=16 validation (elapsed 1.1s)
[case 34/66] clqr_jax_cuda N=32 n=32 m=16 DONE status=ok (elapsed 1.1s)
[case 35/66] clqr_jax_cuda N=64 n=32 m=16 generating fixture (elapsed 0.0s)
[case 35/66] clqr_jax_cuda N=64 n=32 m=16 packing and uploading inputs (elapsed 0.0s)
[case 35/66] clqr_jax_cuda N=64 n=32 m=16 compiling JAX solve (elapsed 0.0s)
[case 35/66] clqr_jax_cuda N=64 n=32 m=16 warmup (1 solve) (elapsed 0.1s)
[case 35/66] clqr_jax_cuda N=64 n=32 m=16 timing resident solves: at least 1.0 measured seconds (elapsed 0.1s)
[case 35/66] clqr_jax_cuda N=64 n=32 m=16 validation (elapsed 1.1s)
[case 35/66] clqr_jax_cuda N=64 n=32 m=16 DONE status=ok (elapsed 1.1s)
[case 36/66] clqr_jax_cuda N=128 n=32 m=16 generating fixture (elapsed 0.0s)
[case 36/66] clqr_jax_cuda N=128 n=32 m=16 packing and uploading inputs (elapsed 0.0s)
[case 36/66] clqr_jax_cuda N=128 n=32 m=16 compiling JAX solve (elapsed 0.0s)
[case 36/66] clqr_jax_cuda N=128 n=32 m=16 warmup (1 solve) (elapsed 0.1s)
[case 36/66] clqr_jax_cuda N=128 n=32 m=16 timing resident solves: at least 1.0 measured seconds (elapsed 0.1s)
[case 36/66] clqr_jax_cuda N=128 n=32 m=16 validation (elapsed 1.1s)
[case 36/66] clqr_jax_cuda N=128 n=32 m=16 DONE status=ok (elapsed 1.1s)
[case 37/66] clqr_jax_cuda N=256 n=32 m=16 generating fixture (elapsed 0.0s)
[case 37/66] clqr_jax_cuda N=256 n=32 m=16 packing and uploading inputs (elapsed 0.0s)
[case 37/66] clqr_jax_cuda N=256 n=32 m=16 compiling JAX solve (elapsed 0.0s)
[case 37/66] clqr_jax_cuda N=256 n=32 m=16 warmup (1 solve) (elapsed 0.1s)
[case 37/66] clqr_jax_cuda N=256 n=32 m=16 timing resident solves: at least 1.0 measured seconds (elapsed 0.1s)
[case 37/66] clqr_jax_cuda N=256 n=32 m=16 validation (elapsed 1.1s)
[case 37/66] clqr_jax_cuda N=256 n=32 m=16 DONE status=ok (elapsed 1.2s)
[case 38/66] clqr_jax_cuda N=512 n=32 m=16 generating fixture (elapsed 0.0s)
[case 38/66] clqr_jax_cuda N=512 n=32 m=16 packing and uploading inputs (elapsed 0.1s)
[case 38/66] clqr_jax_cuda N=512 n=32 m=16 compiling JAX solve (elapsed 0.1s)
[case 38/66] clqr_jax_cuda N=512 n=32 m=16 warmup (1 solve) (elapsed 0.1s)
[case 38/66] clqr_jax_cuda N=512 n=32 m=16 timing resident solves: at least 1.0 measured seconds (elapsed 0.2s)
[case 38/66] clqr_jax_cuda N=512 n=32 m=16 validation (elapsed 1.2s)
[case 38/66] clqr_jax_cuda N=512 n=32 m=16 DONE status=ok (elapsed 1.2s)
[case 39/66] clqr_jax_cuda N=1024 n=32 m=16 generating fixture (elapsed 0.0s)
[case 39/66] clqr_jax_cuda N=1024 n=32 m=16 packing and uploading inputs (elapsed 0.1s)
[case 39/66] clqr_jax_cuda N=1024 n=32 m=16 compiling JAX solve (elapsed 0.1s)
[case 39/66] clqr_jax_cuda N=1024 n=32 m=16 warmup (1 solve) (elapsed 0.2s)
[case 39/66] clqr_jax_cuda N=1024 n=32 m=16 timing resident solves: at least 1.0 measured seconds (elapsed 0.2s)
[case 39/66] clqr_jax_cuda N=1024 n=32 m=16 validation (elapsed 1.2s)
[case 39/66] clqr_jax_cuda N=1024 n=32 m=16 DONE status=ok (elapsed 1.3s)
[case 40/66] clqr_jax_cuda N=2048 n=32 m=16 generating fixture (elapsed 0.0s)
[case 40/66] clqr_jax_cuda N=2048 n=32 m=16 packing and uploading inputs (elapsed 0.2s)
[case 40/66] clqr_jax_cuda N=2048 n=32 m=16 compiling JAX solve (elapsed 0.2s)
[case 40/66] clqr_jax_cuda N=2048 n=32 m=16 warmup (1 solve) (elapsed 0.3s)
[case 40/66] clqr_jax_cuda N=2048 n=32 m=16 timing resident solves: at least 1.0 measured seconds (elapsed 0.4s)
[case 40/66] clqr_jax_cuda N=2048 n=32 m=16 validation (elapsed 1.4s)
[case 40/66] clqr_jax_cuda N=2048 n=32 m=16 DONE status=ok (elapsed 1.5s)
[case 41/66] clqr_jax_cuda N=4096 n=32 m=16 generating fixture (elapsed 0.0s)
[case 41/66] clqr_jax_cuda N=4096 n=32 m=16 packing and uploading inputs (elapsed 0.3s)
[case 41/66] clqr_jax_cuda N=4096 n=32 m=16 compiling JAX solve (elapsed 0.4s)
[case 41/66] clqr_jax_cuda N=4096 n=32 m=16 warmup (1 solve) (elapsed 0.5s)
[case 41/66] clqr_jax_cuda N=4096 n=32 m=16 timing resident solves: at least 1.0 measured seconds (elapsed 0.6s)
[case 41/66] clqr_jax_cuda N=4096 n=32 m=16 validation (elapsed 1.6s)
[case 41/66] clqr_jax_cuda N=4096 n=32 m=16 DONE status=ok (elapsed 2.0s)
[case 42/66] clqr_jax_cuda N=8192 n=32 m=16 generating fixture (elapsed 0.0s)
[case 42/66] clqr_jax_cuda N=8192 n=32 m=16 packing and uploading inputs (elapsed 0.7s)
[case 42/66] clqr_jax_cuda N=8192 n=32 m=16 compiling JAX solve (elapsed 0.9s)
[case 42/66] clqr_jax_cuda N=8192 n=32 m=16 warmup (1 solve) (elapsed 0.9s)
[case 42/66] clqr_jax_cuda N=8192 n=32 m=16 timing resident solves: at least 1.0 measured seconds (elapsed 1.1s)
[case 42/66] clqr_jax_cuda N=8192 n=32 m=16 validation (elapsed 2.2s)
[case 42/66] clqr_jax_cuda N=8192 n=32 m=16 DONE status=ok (elapsed 2.8s)
[case 43/66] clqr_jax_cuda N=16384 n=32 m=16 generating fixture (elapsed 0.0s)
[case 43/66] clqr_jax_cuda N=16384 n=32 m=16 packing and uploading inputs (elapsed 1.4s)
[case 43/66] clqr_jax_cuda N=16384 n=32 m=16 compiling JAX solve (elapsed 1.7s)
[case 43/66] clqr_jax_cuda N=16384 n=32 m=16 warmup (1 solve) (elapsed 1.7s)
[case 43/66] clqr_jax_cuda N=16384 n=32 m=16 timing resident solves: at least 1.0 measured seconds (elapsed 2.1s)
[case 43/66] clqr_jax_cuda N=16384 n=32 m=16 validation (elapsed 3.1s)
[case 43/66] clqr_jax_cuda N=16384 n=32 m=16 DONE status=ok (elapsed 4.3s)
[case 44/66] clqr_jax_cuda N=32768 n=32 m=16 generating fixture (elapsed 0.0s)
[case 44/66] clqr_jax_cuda N=32768 n=32 m=16 packing and uploading inputs (elapsed 2.7s)
[case 44/66] clqr_jax_cuda N=32768 n=32 m=16 compiling JAX solve (elapsed 3.3s)
[case 44/66] clqr_jax_cuda N=32768 n=32 m=16 warmup (1 solve) (elapsed 3.3s)
[case 44/66] clqr_jax_cuda N=32768 n=32 m=16 timing resident solves: at least 1.0 measured seconds (elapsed 4.0s)
[case 44/66] clqr_jax_cuda N=32768 n=32 m=16 validation (elapsed 5.1s)
[case 44/66] clqr_jax_cuda N=32768 n=32 m=16 DONE status=ok (elapsed 7.5s)
[case 45/66] clqr_jax_cuda N=32 n=48 m=24 generating fixture (elapsed 0.0s)
[case 45/66] clqr_jax_cuda N=32 n=48 m=24 packing and uploading inputs (elapsed 0.0s)
[case 45/66] clqr_jax_cuda N=32 n=48 m=24 compiling JAX solve (elapsed 0.0s)
[case 45/66] clqr_jax_cuda N=32 n=48 m=24 warmup (1 solve) (elapsed 0.1s)
[case 45/66] clqr_jax_cuda N=32 n=48 m=24 timing resident solves: at least 1.0 measured seconds (elapsed 0.1s)
[case 45/66] clqr_jax_cuda N=32 n=48 m=24 validation (elapsed 1.1s)
[case 45/66] clqr_jax_cuda N=32 n=48 m=24 DONE status=ok (elapsed 1.1s)
[case 46/66] clqr_jax_cuda N=64 n=48 m=24 generating fixture (elapsed 0.0s)
[case 46/66] clqr_jax_cuda N=64 n=48 m=24 packing and uploading inputs (elapsed 0.0s)
[case 46/66] clqr_jax_cuda N=64 n=48 m=24 compiling JAX solve (elapsed 0.0s)
[case 46/66] clqr_jax_cuda N=64 n=48 m=24 warmup (1 solve) (elapsed 0.1s)
[case 46/66] clqr_jax_cuda N=64 n=48 m=24 timing resident solves: at least 1.0 measured seconds (elapsed 0.1s)
[case 46/66] clqr_jax_cuda N=64 n=48 m=24 validation (elapsed 1.1s)
[case 46/66] clqr_jax_cuda N=64 n=48 m=24 DONE status=ok (elapsed 1.1s)
[case 47/66] clqr_jax_cuda N=128 n=48 m=24 generating fixture (elapsed 0.0s)
[case 47/66] clqr_jax_cuda N=128 n=48 m=24 packing and uploading inputs (elapsed 0.0s)
[case 47/66] clqr_jax_cuda N=128 n=48 m=24 compiling JAX solve (elapsed 0.0s)
[case 47/66] clqr_jax_cuda N=128 n=48 m=24 warmup (1 solve) (elapsed 0.1s)
[case 47/66] clqr_jax_cuda N=128 n=48 m=24 timing resident solves: at least 1.0 measured seconds (elapsed 0.1s)
[case 47/66] clqr_jax_cuda N=128 n=48 m=24 validation (elapsed 1.1s)
[case 47/66] clqr_jax_cuda N=128 n=48 m=24 DONE status=ok (elapsed 1.2s)
[case 48/66] clqr_jax_cuda N=256 n=48 m=24 generating fixture (elapsed 0.0s)
[case 48/66] clqr_jax_cuda N=256 n=48 m=24 packing and uploading inputs (elapsed 0.0s)
[case 48/66] clqr_jax_cuda N=256 n=48 m=24 compiling JAX solve (elapsed 0.1s)
[case 48/66] clqr_jax_cuda N=256 n=48 m=24 warmup (1 solve) (elapsed 0.1s)
[case 48/66] clqr_jax_cuda N=256 n=48 m=24 timing resident solves: at least 1.0 measured seconds (elapsed 0.2s)
[case 48/66] clqr_jax_cuda N=256 n=48 m=24 validation (elapsed 1.2s)
[case 48/66] clqr_jax_cuda N=256 n=48 m=24 DONE status=ok (elapsed 1.2s)
[case 49/66] clqr_jax_cuda N=512 n=48 m=24 generating fixture (elapsed 0.0s)
[case 49/66] clqr_jax_cuda N=512 n=48 m=24 packing and uploading inputs (elapsed 0.1s)
[case 49/66] clqr_jax_cuda N=512 n=48 m=24 compiling JAX solve (elapsed 0.1s)
[case 49/66] clqr_jax_cuda N=512 n=48 m=24 warmup (1 solve) (elapsed 0.2s)
[case 49/66] clqr_jax_cuda N=512 n=48 m=24 timing resident solves: at least 1.0 measured seconds (elapsed 0.2s)
[case 49/66] clqr_jax_cuda N=512 n=48 m=24 validation (elapsed 1.2s)
[case 49/66] clqr_jax_cuda N=512 n=48 m=24 DONE status=ok (elapsed 1.3s)
[case 50/66] clqr_jax_cuda N=1024 n=48 m=24 generating fixture (elapsed 0.0s)
[case 50/66] clqr_jax_cuda N=1024 n=48 m=24 packing and uploading inputs (elapsed 0.2s)
[case 50/66] clqr_jax_cuda N=1024 n=48 m=24 compiling JAX solve (elapsed 0.2s)
[case 50/66] clqr_jax_cuda N=1024 n=48 m=24 warmup (1 solve) (elapsed 0.3s)
[case 50/66] clqr_jax_cuda N=1024 n=48 m=24 timing resident solves: at least 1.0 measured seconds (elapsed 0.3s)
[case 50/66] clqr_jax_cuda N=1024 n=48 m=24 validation (elapsed 1.4s)
[case 50/66] clqr_jax_cuda N=1024 n=48 m=24 DONE status=ok (elapsed 1.5s)
[case 51/66] clqr_jax_cuda N=2048 n=48 m=24 generating fixture (elapsed 0.0s)
[case 51/66] clqr_jax_cuda N=2048 n=48 m=24 packing and uploading inputs (elapsed 0.3s)
[case 51/66] clqr_jax_cuda N=2048 n=48 m=24 compiling JAX solve (elapsed 0.4s)
[case 51/66] clqr_jax_cuda N=2048 n=48 m=24 warmup (1 solve) (elapsed 0.5s)
[case 51/66] clqr_jax_cuda N=2048 n=48 m=24 timing resident solves: at least 1.0 measured seconds (elapsed 0.6s)
[case 51/66] clqr_jax_cuda N=2048 n=48 m=24 validation (elapsed 1.6s)
[case 51/66] clqr_jax_cuda N=2048 n=48 m=24 DONE status=ok (elapsed 1.8s)
[case 52/66] clqr_jax_cuda N=4096 n=48 m=24 generating fixture (elapsed 0.0s)
[case 52/66] clqr_jax_cuda N=4096 n=48 m=24 packing and uploading inputs (elapsed 0.6s)
[case 52/66] clqr_jax_cuda N=4096 n=48 m=24 compiling JAX solve (elapsed 0.8s)
[case 52/66] clqr_jax_cuda N=4096 n=48 m=24 warmup (1 solve) (elapsed 0.8s)
[case 52/66] clqr_jax_cuda N=4096 n=48 m=24 timing resident solves: at least 1.0 measured seconds (elapsed 1.0s)
[case 52/66] clqr_jax_cuda N=4096 n=48 m=24 validation (elapsed 2.1s)
[case 52/66] clqr_jax_cuda N=4096 n=48 m=24 DONE status=ok (elapsed 2.5s)
[case 53/66] clqr_jax_cuda N=8192 n=48 m=24 generating fixture (elapsed 0.0s)
[case 53/66] clqr_jax_cuda N=8192 n=48 m=24 packing and uploading inputs (elapsed 1.2s)
[case 53/66] clqr_jax_cuda N=8192 n=48 m=24 compiling JAX solve (elapsed 1.5s)
[case 53/66] clqr_jax_cuda N=8192 n=48 m=24 warmup (1 solve) (elapsed 1.6s)
[case 53/66] clqr_jax_cuda N=8192 n=48 m=24 timing resident solves: at least 1.0 measured seconds (elapsed 2.0s)
[case 53/66] clqr_jax_cuda N=8192 n=48 m=24 validation (elapsed 3.0s)
[case 53/66] clqr_jax_cuda N=8192 n=48 m=24 DONE status=ok (elapsed 3.8s)
[case 54/66] clqr_jax_cuda N=16384 n=48 m=24 generating fixture (elapsed 0.0s)
[case 54/66] clqr_jax_cuda N=16384 n=48 m=24 packing and uploading inputs (elapsed 2.4s)
[case 54/66] clqr_jax_cuda N=16384 n=48 m=24 compiling JAX solve (elapsed 2.9s)
[case 54/66] clqr_jax_cuda N=16384 n=48 m=24 warmup (1 solve) (elapsed 3.0s)
[case 54/66] clqr_jax_cuda N=16384 n=48 m=24 timing resident solves: at least 1.0 measured seconds (elapsed 3.8s)
[case 54/66] clqr_jax_cuda N=16384 n=48 m=24 validation (elapsed 5.0s)
[case 54/66] clqr_jax_cuda N=16384 n=48 m=24 DONE status=ok (elapsed 6.6s)
[case 55/66] clqr_jax_cuda N=32768 n=48 m=24 generating fixture (elapsed 0.0s)
[case 55/66] clqr_jax_cuda N=32768 n=48 m=24 packing and uploading inputs (elapsed 4.8s)
[case 55/66] clqr_jax_cuda N=32768 n=48 m=24 compiling JAX solve (elapsed 5.8s)
[case 55/66] clqr_jax_cuda N=32768 n=48 m=24 warmup (1 solve) (elapsed 5.9s)
[case 55/66] clqr_jax_cuda N=32768 n=48 m=24 timing resident solves: at least 1.0 measured seconds (elapsed 7.5s)
[case 55/66] clqr_jax_cuda N=32768 n=48 m=24 validation (elapsed 8.6s)
[case 55/66] clqr_jax_cuda N=32768 n=48 m=24 DONE status=ok (elapsed 11.7s)
[case 56/66] clqr_jax_cuda N=32 n=64 m=32 generating fixture (elapsed 0.0s)
[case 56/66] clqr_jax_cuda N=32 n=64 m=32 packing and uploading inputs (elapsed 0.0s)
[case 56/66] clqr_jax_cuda N=32 n=64 m=32 compiling JAX solve (elapsed 0.0s)
[case 56/66] clqr_jax_cuda N=32 n=64 m=32 warmup (1 solve) (elapsed 0.1s)
[case 56/66] clqr_jax_cuda N=32 n=64 m=32 timing resident solves: at least 1.0 measured seconds (elapsed 0.1s)
[case 56/66] clqr_jax_cuda N=32 n=64 m=32 validation (elapsed 1.1s)
[case 56/66] clqr_jax_cuda N=32 n=64 m=32 DONE status=ok (elapsed 1.2s)
[case 57/66] clqr_jax_cuda N=64 n=64 m=32 generating fixture (elapsed 0.0s)
[case 57/66] clqr_jax_cuda N=64 n=64 m=32 packing and uploading inputs (elapsed 0.0s)
[case 57/66] clqr_jax_cuda N=64 n=64 m=32 compiling JAX solve (elapsed 0.0s)
[case 57/66] clqr_jax_cuda N=64 n=64 m=32 warmup (1 solve) (elapsed 0.1s)
[case 57/66] clqr_jax_cuda N=64 n=64 m=32 timing resident solves: at least 1.0 measured seconds (elapsed 0.1s)
[case 57/66] clqr_jax_cuda N=64 n=64 m=32 validation (elapsed 1.2s)
[case 57/66] clqr_jax_cuda N=64 n=64 m=32 DONE status=ok (elapsed 1.2s)
[case 58/66] clqr_jax_cuda N=128 n=64 m=32 generating fixture (elapsed 0.0s)
[case 58/66] clqr_jax_cuda N=128 n=64 m=32 packing and uploading inputs (elapsed 0.0s)
[case 58/66] clqr_jax_cuda N=128 n=64 m=32 compiling JAX solve (elapsed 0.1s)
[case 58/66] clqr_jax_cuda N=128 n=64 m=32 warmup (1 solve) (elapsed 0.1s)
[case 58/66] clqr_jax_cuda N=128 n=64 m=32 timing resident solves: at least 1.0 measured seconds (elapsed 0.2s)
[case 58/66] clqr_jax_cuda N=128 n=64 m=32 validation (elapsed 1.2s)
[case 58/66] clqr_jax_cuda N=128 n=64 m=32 DONE status=ok (elapsed 1.2s)
[case 59/66] clqr_jax_cuda N=256 n=64 m=32 generating fixture (elapsed 0.0s)
[case 59/66] clqr_jax_cuda N=256 n=64 m=32 packing and uploading inputs (elapsed 0.1s)
[case 59/66] clqr_jax_cuda N=256 n=64 m=32 compiling JAX solve (elapsed 0.1s)
[case 59/66] clqr_jax_cuda N=256 n=64 m=32 warmup (1 solve) (elapsed 0.2s)
[case 59/66] clqr_jax_cuda N=256 n=64 m=32 timing resident solves: at least 1.0 measured seconds (elapsed 0.2s)
[case 59/66] clqr_jax_cuda N=256 n=64 m=32 validation (elapsed 1.2s)
[case 59/66] clqr_jax_cuda N=256 n=64 m=32 DONE status=ok (elapsed 1.3s)
[case 60/66] clqr_jax_cuda N=512 n=64 m=32 generating fixture (elapsed 0.0s)
[case 60/66] clqr_jax_cuda N=512 n=64 m=32 packing and uploading inputs (elapsed 0.2s)
[case 60/66] clqr_jax_cuda N=512 n=64 m=32 compiling JAX solve (elapsed 0.2s)
[case 60/66] clqr_jax_cuda N=512 n=64 m=32 warmup (1 solve) (elapsed 0.2s)
[case 60/66] clqr_jax_cuda N=512 n=64 m=32 timing resident solves: at least 1.0 measured seconds (elapsed 0.3s)
[case 60/66] clqr_jax_cuda N=512 n=64 m=32 validation (elapsed 1.3s)
[case 60/66] clqr_jax_cuda N=512 n=64 m=32 DONE status=ok (elapsed 1.4s)
[case 61/66] clqr_jax_cuda N=1024 n=64 m=32 generating fixture (elapsed 0.0s)
[case 61/66] clqr_jax_cuda N=1024 n=64 m=32 packing and uploading inputs (elapsed 0.3s)
[case 61/66] clqr_jax_cuda N=1024 n=64 m=32 compiling JAX solve (elapsed 0.3s)
[case 61/66] clqr_jax_cuda N=1024 n=64 m=32 warmup (1 solve) (elapsed 0.4s)
[case 61/66] clqr_jax_cuda N=1024 n=64 m=32 timing resident solves: at least 1.0 measured seconds (elapsed 0.5s)
[case 61/66] clqr_jax_cuda N=1024 n=64 m=32 validation (elapsed 1.5s)
[case 61/66] clqr_jax_cuda N=1024 n=64 m=32 DONE status=ok (elapsed 1.7s)
[case 62/66] clqr_jax_cuda N=2048 n=64 m=32 generating fixture (elapsed 0.0s)
[case 62/66] clqr_jax_cuda N=2048 n=64 m=32 packing and uploading inputs (elapsed 0.5s)
[case 62/66] clqr_jax_cuda N=2048 n=64 m=32 compiling JAX solve (elapsed 0.7s)
[case 62/66] clqr_jax_cuda N=2048 n=64 m=32 warmup (1 solve) (elapsed 0.7s)
[case 62/66] clqr_jax_cuda N=2048 n=64 m=32 timing resident solves: at least 1.0 measured seconds (elapsed 0.9s)
[case 62/66] clqr_jax_cuda N=2048 n=64 m=32 validation (elapsed 2.0s)
[case 62/66] clqr_jax_cuda N=2048 n=64 m=32 DONE status=ok (elapsed 2.2s)
[case 63/66] clqr_jax_cuda N=4096 n=64 m=32 generating fixture (elapsed 0.0s)
[case 63/66] clqr_jax_cuda N=4096 n=64 m=32 packing and uploading inputs (elapsed 1.0s)
[case 63/66] clqr_jax_cuda N=4096 n=64 m=32 compiling JAX solve (elapsed 1.3s)
[case 63/66] clqr_jax_cuda N=4096 n=64 m=32 warmup (1 solve) (elapsed 1.3s)
[case 63/66] clqr_jax_cuda N=4096 n=64 m=32 timing resident solves: at least 1.0 measured seconds (elapsed 1.8s)
[case 63/66] clqr_jax_cuda N=4096 n=64 m=32 validation (elapsed 2.8s)
[case 63/66] clqr_jax_cuda N=4096 n=64 m=32 DONE status=ok (elapsed 3.3s)
[case 64/66] clqr_jax_cuda N=8192 n=64 m=32 generating fixture (elapsed 0.0s)
[case 64/66] clqr_jax_cuda N=8192 n=64 m=32 packing and uploading inputs (elapsed 2.0s)
[case 64/66] clqr_jax_cuda N=8192 n=64 m=32 compiling JAX solve (elapsed 2.5s)
[case 64/66] clqr_jax_cuda N=8192 n=64 m=32 warmup (1 solve) (elapsed 2.6s)
[case 64/66] clqr_jax_cuda N=8192 n=64 m=32 timing resident solves: at least 1.0 measured seconds (elapsed 3.4s)
[case 64/66] clqr_jax_cuda N=8192 n=64 m=32 validation (elapsed 4.4s)
[case 64/66] clqr_jax_cuda N=8192 n=64 m=32 DONE status=ok (elapsed 5.5s)
[case 65/66] clqr_jax_cuda N=16384 n=64 m=32 generating fixture (elapsed 0.0s)
[case 65/66] clqr_jax_cuda N=16384 n=64 m=32 packing and uploading inputs (elapsed 4.0s)
[case 65/66] clqr_jax_cuda N=16384 n=64 m=32 compiling JAX solve (elapsed 4.9s)
[case 65/66] clqr_jax_cuda N=16384 n=64 m=32 warmup (1 solve) (elapsed 5.0s)
[case 65/66] clqr_jax_cuda N=16384 n=64 m=32 timing resident solves: at least 1.0 measured seconds (elapsed 6.6s)
[case 65/66] clqr_jax_cuda N=16384 n=64 m=32 validation (elapsed 7.9s)
[case 65/66] clqr_jax_cuda N=16384 n=64 m=32 DONE status=inaccurate (elapsed 10.0s)
[case 66/66] clqr_jax_cuda N=32768 n=64 m=32 generating fixture (elapsed 0.0s)
[case 66/66] clqr_jax_cuda N=32768 n=64 m=32 packing and uploading inputs (elapsed 8.0s)
[case 66/66] clqr_jax_cuda N=32768 n=64 m=32 compiling JAX solve (elapsed 9.5s)
[case 66/66] clqr_jax_cuda N=32768 n=64 m=32 warmup (1 solve) (elapsed 9.6s)
[case 66/66] clqr_jax_cuda N=32768 n=64 m=32 timing resident solves: at least 1.0 measured seconds (elapsed 12.7s)
[case 66/66] clqr_jax_cuda N=32768 n=64 m=32 validation (elapsed 14.0s)
[case 66/66] clqr_jax_cuda N=32768 n=64 m=32 DONE status=ok (elapsed 18.2s)
