[case 1/66] generating fixture N=32 n=8 m=4
[case 1/66] laine_corrected N=32 n=8 m=4 setup (elapsed 0s)
[case 1/66] laine_corrected N=32 n=8 m=4 warmup (1 solve) (elapsed 0s)
[case 1/66] laine_corrected N=32 n=8 m=4 timing prepared solves: at least 1.000000 measured seconds (elapsed 0s)
[case 1/66] laine_corrected N=32 n=8 m=4 validation (elapsed 1s)
[case 1/66] laine_corrected N=32 n=8 m=4 timing setup+solve: at least 1.000000 measured seconds (elapsed 1s)
[case 1/66] laine_corrected N=32 n=8 m=4 DONE status=ok (elapsed 2s)
[case 2/66] generating fixture N=64 n=8 m=4
[case 2/66] laine_corrected N=64 n=8 m=4 setup (elapsed 0s)
[case 2/66] laine_corrected N=64 n=8 m=4 warmup (1 solve) (elapsed 0s)
[case 2/66] laine_corrected N=64 n=8 m=4 timing prepared solves: at least 1.000000 measured seconds (elapsed 0s)
[case 2/66] laine_corrected N=64 n=8 m=4 validation (elapsed 1s)
[case 2/66] laine_corrected N=64 n=8 m=4 timing setup+solve: at least 1.000000 measured seconds (elapsed 1s)
[case 2/66] laine_corrected N=64 n=8 m=4 DONE status=ok (elapsed 2s)
[case 3/66] generating fixture N=128 n=8 m=4
[case 3/66] laine_corrected N=128 n=8 m=4 setup (elapsed 0s)
[case 3/66] laine_corrected N=128 n=8 m=4 warmup (1 solve) (elapsed 0s)
[case 3/66] laine_corrected N=128 n=8 m=4 timing prepared solves: at least 1.000000 measured seconds (elapsed 0s)
[case 3/66] laine_corrected N=128 n=8 m=4 validation (elapsed 1s)
[case 3/66] laine_corrected N=128 n=8 m=4 timing setup+solve: at least 1.000000 measured seconds (elapsed 1s)
[case 3/66] laine_corrected N=128 n=8 m=4 DONE status=ok (elapsed 2s)
[case 4/66] generating fixture N=256 n=8 m=4
[case 4/66] laine_corrected N=256 n=8 m=4 setup (elapsed 0s)
[case 4/66] laine_corrected N=256 n=8 m=4 warmup (1 solve) (elapsed 0s)
[case 4/66] laine_corrected N=256 n=8 m=4 timing prepared solves: at least 1.000000 measured seconds (elapsed 0s)
[case 4/66] laine_corrected N=256 n=8 m=4 validation (elapsed 1s)
[case 4/66] laine_corrected N=256 n=8 m=4 timing setup+solve: at least 1.000000 measured seconds (elapsed 1s)
[case 4/66] laine_corrected N=256 n=8 m=4 DONE status=ok (elapsed 2s)
[case 5/66] generating fixture N=512 n=8 m=4
[case 5/66] laine_corrected N=512 n=8 m=4 setup (elapsed 0s)
[case 5/66] laine_corrected N=512 n=8 m=4 warmup (1 solve) (elapsed 0s)
[case 5/66] laine_corrected N=512 n=8 m=4 timing prepared solves: at least 1.000000 measured seconds (elapsed 0s)
[case 5/66] laine_corrected N=512 n=8 m=4 validation (elapsed 1s)
[case 5/66] laine_corrected N=512 n=8 m=4 timing setup+solve: at least 1.000000 measured seconds (elapsed 1s)
[case 5/66] laine_corrected N=512 n=8 m=4 DONE status=ok (elapsed 2s)
[case 6/66] generating fixture N=1024 n=8 m=4
[case 6/66] laine_corrected N=1024 n=8 m=4 setup (elapsed 0s)
[case 6/66] laine_corrected N=1024 n=8 m=4 warmup (1 solve) (elapsed 0s)
[case 6/66] laine_corrected N=1024 n=8 m=4 timing prepared solves: at least 1.000000 measured seconds (elapsed 0s)
[case 6/66] laine_corrected N=1024 n=8 m=4 validation (elapsed 1s)
[case 6/66] laine_corrected N=1024 n=8 m=4 timing setup+solve: at least 1.000000 measured seconds (elapsed 1s)
[case 6/66] laine_corrected N=1024 n=8 m=4 DONE status=ok (elapsed 2s)
[case 7/66] generating fixture N=2048 n=8 m=4
[case 7/66] laine_corrected N=2048 n=8 m=4 setup (elapsed 0s)
[case 7/66] laine_corrected N=2048 n=8 m=4 warmup (1 solve) (elapsed 0s)
[case 7/66] laine_corrected N=2048 n=8 m=4 timing prepared solves: at least 1.000000 measured seconds (elapsed 0s)
[case 7/66] laine_corrected N=2048 n=8 m=4 validation (elapsed 1s)
[case 7/66] laine_corrected N=2048 n=8 m=4 timing setup+solve: at least 1.000000 measured seconds (elapsed 1s)
[case 7/66] laine_corrected N=2048 n=8 m=4 DONE status=ok (elapsed 2s)
[case 8/66] generating fixture N=4096 n=8 m=4
[case 8/66] laine_corrected N=4096 n=8 m=4 setup (elapsed 0s)
[case 8/66] laine_corrected N=4096 n=8 m=4 warmup (1 solve) (elapsed 0s)
[case 8/66] laine_corrected N=4096 n=8 m=4 timing prepared solves: at least 1.000000 measured seconds (elapsed 0s)
[case 8/66] laine_corrected N=4096 n=8 m=4 validation (elapsed 1s)
[case 8/66] laine_corrected N=4096 n=8 m=4 timing setup+solve: at least 1.000000 measured seconds (elapsed 1s)
[case 8/66] laine_corrected N=4096 n=8 m=4 DONE status=ok (elapsed 2s)
[case 9/66] generating fixture N=8192 n=8 m=4
[case 9/66] laine_corrected N=8192 n=8 m=4 setup (elapsed 0s)
[case 9/66] laine_corrected N=8192 n=8 m=4 warmup (1 solve) (elapsed 0s)
[case 9/66] laine_corrected N=8192 n=8 m=4 timing prepared solves: at least 1.000000 measured seconds (elapsed 0s)
[case 9/66] laine_corrected N=8192 n=8 m=4 validation (elapsed 1s)
[case 9/66] laine_corrected N=8192 n=8 m=4 timing setup+solve: at least 1.000000 measured seconds (elapsed 1s)
[case 9/66] laine_corrected N=8192 n=8 m=4 DONE status=ok (elapsed 2s)
[case 10/66] generating fixture N=16384 n=8 m=4
[case 10/66] laine_corrected N=16384 n=8 m=4 setup (elapsed 0s)
[case 10/66] laine_corrected N=16384 n=8 m=4 warmup (1 solve) (elapsed 0s)
[case 10/66] laine_corrected N=16384 n=8 m=4 timing prepared solves: at least 1.000000 measured seconds (elapsed 0s)
[case 10/66] laine_corrected N=16384 n=8 m=4 validation (elapsed 1s)
[case 10/66] laine_corrected N=16384 n=8 m=4 timing setup+solve: at least 1.000000 measured seconds (elapsed 1s)
[case 10/66] laine_corrected N=16384 n=8 m=4 DONE status=ok (elapsed 2s)
[case 11/66] generating fixture N=32768 n=8 m=4
[case 11/66] laine_corrected N=32768 n=8 m=4 setup (elapsed 0s)
[case 11/66] laine_corrected N=32768 n=8 m=4 warmup (1 solve) (elapsed 0s)
[case 11/66] laine_corrected N=32768 n=8 m=4 timing prepared solves: at least 1.000000 measured seconds (elapsed 0s)
[case 11/66] laine_corrected N=32768 n=8 m=4 validation (elapsed 1s)
[case 11/66] laine_corrected N=32768 n=8 m=4 timing setup+solve: at least 1.000000 measured seconds (elapsed 1s)
[case 11/66] laine_corrected N=32768 n=8 m=4 DONE status=ok (elapsed 2s)
[case 12/66] generating fixture N=32 n=16 m=8
[case 12/66] laine_corrected N=32 n=16 m=8 setup (elapsed 0s)
[case 12/66] laine_corrected N=32 n=16 m=8 warmup (1 solve) (elapsed 0s)
[case 12/66] laine_corrected N=32 n=16 m=8 timing prepared solves: at least 1.000000 measured seconds (elapsed 0s)
[case 12/66] laine_corrected N=32 n=16 m=8 validation (elapsed 1s)
[case 12/66] laine_corrected N=32 n=16 m=8 timing setup+solve: at least 1.000000 measured seconds (elapsed 1s)
[case 12/66] laine_corrected N=32 n=16 m=8 DONE status=ok (elapsed 2s)
[case 13/66] generating fixture N=64 n=16 m=8
[case 13/66] laine_corrected N=64 n=16 m=8 setup (elapsed 0s)
[case 13/66] laine_corrected N=64 n=16 m=8 warmup (1 solve) (elapsed 0s)
[case 13/66] laine_corrected N=64 n=16 m=8 timing prepared solves: at least 1.000000 measured seconds (elapsed 0s)
[case 13/66] laine_corrected N=64 n=16 m=8 validation (elapsed 1s)
[case 13/66] laine_corrected N=64 n=16 m=8 timing setup+solve: at least 1.000000 measured seconds (elapsed 1s)
[case 13/66] laine_corrected N=64 n=16 m=8 DONE status=ok (elapsed 2s)
[case 14/66] generating fixture N=128 n=16 m=8
[case 14/66] laine_corrected N=128 n=16 m=8 setup (elapsed 0s)
[case 14/66] laine_corrected N=128 n=16 m=8 warmup (1 solve) (elapsed 0s)
[case 14/66] laine_corrected N=128 n=16 m=8 timing prepared solves: at least 1.000000 measured seconds (elapsed 0s)
[case 14/66] laine_corrected N=128 n=16 m=8 validation (elapsed 1s)
[case 14/66] laine_corrected N=128 n=16 m=8 timing setup+solve: at least 1.000000 measured seconds (elapsed 1s)
[case 14/66] laine_corrected N=128 n=16 m=8 DONE status=ok (elapsed 2s)
[case 15/66] generating fixture N=256 n=16 m=8
[case 15/66] laine_corrected N=256 n=16 m=8 setup (elapsed 0s)
[case 15/66] laine_corrected N=256 n=16 m=8 warmup (1 solve) (elapsed 0s)
[case 15/66] laine_corrected N=256 n=16 m=8 timing prepared solves: at least 1.000000 measured seconds (elapsed 0s)
[case 15/66] laine_corrected N=256 n=16 m=8 validation (elapsed 1s)
[case 15/66] laine_corrected N=256 n=16 m=8 timing setup+solve: at least 1.000000 measured seconds (elapsed 1s)
[case 15/66] laine_corrected N=256 n=16 m=8 DONE status=ok (elapsed 2s)
[case 16/66] generating fixture N=512 n=16 m=8
[case 16/66] laine_corrected N=512 n=16 m=8 setup (elapsed 0s)
[case 16/66] laine_corrected N=512 n=16 m=8 warmup (1 solve) (elapsed 0s)
[case 16/66] laine_corrected N=512 n=16 m=8 timing prepared solves: at least 1.000000 measured seconds (elapsed 0s)
[case 16/66] laine_corrected N=512 n=16 m=8 validation (elapsed 1s)
[case 16/66] laine_corrected N=512 n=16 m=8 timing setup+solve: at least 1.000000 measured seconds (elapsed 1s)
[case 16/66] laine_corrected N=512 n=16 m=8 DONE status=ok (elapsed 2s)
[case 17/66] generating fixture N=1024 n=16 m=8
[case 17/66] laine_corrected N=1024 n=16 m=8 setup (elapsed 0s)
[case 17/66] laine_corrected N=1024 n=16 m=8 warmup (1 solve) (elapsed 0s)
[case 17/66] laine_corrected N=1024 n=16 m=8 timing prepared solves: at least 1.000000 measured seconds (elapsed 0s)
[case 17/66] laine_corrected N=1024 n=16 m=8 validation (elapsed 1s)
[case 17/66] laine_corrected N=1024 n=16 m=8 timing setup+solve: at least 1.000000 measured seconds (elapsed 1s)
[case 17/66] laine_corrected N=1024 n=16 m=8 DONE status=ok (elapsed 2s)
[case 18/66] generating fixture N=2048 n=16 m=8
[case 18/66] laine_corrected N=2048 n=16 m=8 setup (elapsed 0s)
[case 18/66] laine_corrected N=2048 n=16 m=8 warmup (1 solve) (elapsed 0s)
[case 18/66] laine_corrected N=2048 n=16 m=8 timing prepared solves: at least 1.000000 measured seconds (elapsed 0s)
[case 18/66] laine_corrected N=2048 n=16 m=8 validation (elapsed 1s)
[case 18/66] laine_corrected N=2048 n=16 m=8 timing setup+solve: at least 1.000000 measured seconds (elapsed 1s)
[case 18/66] laine_corrected N=2048 n=16 m=8 DONE status=ok (elapsed 2s)
[case 19/66] generating fixture N=4096 n=16 m=8
[case 19/66] laine_corrected N=4096 n=16 m=8 setup (elapsed 0s)
[case 19/66] laine_corrected N=4096 n=16 m=8 warmup (1 solve) (elapsed 0s)
[case 19/66] laine_corrected N=4096 n=16 m=8 timing prepared solves: at least 1.000000 measured seconds (elapsed 0s)
[case 19/66] laine_corrected N=4096 n=16 m=8 validation (elapsed 1s)
[case 19/66] laine_corrected N=4096 n=16 m=8 timing setup+solve: at least 1.000000 measured seconds (elapsed 1s)
[case 19/66] laine_corrected N=4096 n=16 m=8 DONE status=ok (elapsed 2s)
[case 20/66] generating fixture N=8192 n=16 m=8
[case 20/66] laine_corrected N=8192 n=16 m=8 setup (elapsed 0s)
[case 20/66] laine_corrected N=8192 n=16 m=8 warmup (1 solve) (elapsed 0s)
[case 20/66] laine_corrected N=8192 n=16 m=8 timing prepared solves: at least 1.000000 measured seconds (elapsed 0s)
[case 20/66] laine_corrected N=8192 n=16 m=8 validation (elapsed 1s)
[case 20/66] laine_corrected N=8192 n=16 m=8 timing setup+solve: at least 1.000000 measured seconds (elapsed 1s)
[case 20/66] laine_corrected N=8192 n=16 m=8 DONE status=ok (elapsed 2s)
[case 21/66] generating fixture N=16384 n=16 m=8
[case 21/66] laine_corrected N=16384 n=16 m=8 setup (elapsed 0s)
[case 21/66] laine_corrected N=16384 n=16 m=8 warmup (1 solve) (elapsed 0s)
[case 21/66] laine_corrected N=16384 n=16 m=8 timing prepared solves: at least 1.000000 measured seconds (elapsed 0s)
[case 21/66] laine_corrected N=16384 n=16 m=8 validation (elapsed 1s)
[case 21/66] laine_corrected N=16384 n=16 m=8 timing setup+solve: at least 1.000000 measured seconds (elapsed 1s)
[case 21/66] laine_corrected N=16384 n=16 m=8 DONE status=ok (elapsed 2s)
[case 22/66] generating fixture N=32768 n=16 m=8
[case 22/66] laine_corrected N=32768 n=16 m=8 setup (elapsed 0s)
[case 22/66] laine_corrected N=32768 n=16 m=8 warmup (1 solve) (elapsed 0s)
[case 22/66] laine_corrected N=32768 n=16 m=8 timing prepared solves: at least 1.000000 measured seconds (elapsed 0s)
[case 22/66] laine_corrected N=32768 n=16 m=8 validation (elapsed 1s)
[case 22/66] laine_corrected N=32768 n=16 m=8 timing setup+solve: at least 1.000000 measured seconds (elapsed 2s)
[case 22/66] laine_corrected N=32768 n=16 m=8 DONE status=ok (elapsed 3s)
[case 23/66] generating fixture N=32 n=24 m=12
[case 23/66] laine_corrected N=32 n=24 m=12 setup (elapsed 0s)
[case 23/66] laine_corrected N=32 n=24 m=12 warmup (1 solve) (elapsed 0s)
[case 23/66] laine_corrected N=32 n=24 m=12 timing prepared solves: at least 1.000000 measured seconds (elapsed 0s)
[case 23/66] laine_corrected N=32 n=24 m=12 validation (elapsed 1s)
[case 23/66] laine_corrected N=32 n=24 m=12 timing setup+solve: at least 1.000000 measured seconds (elapsed 1s)
[case 23/66] laine_corrected N=32 n=24 m=12 DONE status=ok (elapsed 2s)
[case 24/66] generating fixture N=64 n=24 m=12
[case 24/66] laine_corrected N=64 n=24 m=12 setup (elapsed 0s)
[case 24/66] laine_corrected N=64 n=24 m=12 warmup (1 solve) (elapsed 0s)
[case 24/66] laine_corrected N=64 n=24 m=12 timing prepared solves: at least 1.000000 measured seconds (elapsed 0s)
[case 24/66] laine_corrected N=64 n=24 m=12 validation (elapsed 1s)
[case 24/66] laine_corrected N=64 n=24 m=12 timing setup+solve: at least 1.000000 measured seconds (elapsed 1s)
[case 24/66] laine_corrected N=64 n=24 m=12 DONE status=ok (elapsed 2s)
[case 25/66] generating fixture N=128 n=24 m=12
[case 25/66] laine_corrected N=128 n=24 m=12 setup (elapsed 0s)
[case 25/66] laine_corrected N=128 n=24 m=12 warmup (1 solve) (elapsed 0s)
[case 25/66] laine_corrected N=128 n=24 m=12 timing prepared solves: at least 1.000000 measured seconds (elapsed 0s)
[case 25/66] laine_corrected N=128 n=24 m=12 validation (elapsed 1s)
[case 25/66] laine_corrected N=128 n=24 m=12 timing setup+solve: at least 1.000000 measured seconds (elapsed 1s)
[case 25/66] laine_corrected N=128 n=24 m=12 DONE status=ok (elapsed 2s)
[case 26/66] generating fixture N=256 n=24 m=12
[case 26/66] laine_corrected N=256 n=24 m=12 setup (elapsed 0s)
[case 26/66] laine_corrected N=256 n=24 m=12 warmup (1 solve) (elapsed 0s)
[case 26/66] laine_corrected N=256 n=24 m=12 timing prepared solves: at least 1.000000 measured seconds (elapsed 0s)
[case 26/66] laine_corrected N=256 n=24 m=12 validation (elapsed 1s)
[case 26/66] laine_corrected N=256 n=24 m=12 timing setup+solve: at least 1.000000 measured seconds (elapsed 1s)
[case 26/66] laine_corrected N=256 n=24 m=12 DONE status=ok (elapsed 2s)
[case 27/66] generating fixture N=512 n=24 m=12
[case 27/66] laine_corrected N=512 n=24 m=12 setup (elapsed 0s)
[case 27/66] laine_corrected N=512 n=24 m=12 warmup (1 solve) (elapsed 0s)
[case 27/66] laine_corrected N=512 n=24 m=12 timing prepared solves: at least 1.000000 measured seconds (elapsed 0s)
[case 27/66] laine_corrected N=512 n=24 m=12 validation (elapsed 1s)
[case 27/66] laine_corrected N=512 n=24 m=12 timing setup+solve: at least 1.000000 measured seconds (elapsed 1s)
[case 27/66] laine_corrected N=512 n=24 m=12 DONE status=ok (elapsed 2s)
[case 28/66] generating fixture N=1024 n=24 m=12
[case 28/66] laine_corrected N=1024 n=24 m=12 setup (elapsed 0s)
[case 28/66] laine_corrected N=1024 n=24 m=12 warmup (1 solve) (elapsed 0s)
[case 28/66] laine_corrected N=1024 n=24 m=12 timing prepared solves: at least 1.000000 measured seconds (elapsed 0s)
[case 28/66] laine_corrected N=1024 n=24 m=12 validation (elapsed 1s)
[case 28/66] laine_corrected N=1024 n=24 m=12 timing setup+solve: at least 1.000000 measured seconds (elapsed 1s)
[case 28/66] laine_corrected N=1024 n=24 m=12 DONE status=ok (elapsed 2s)
[case 29/66] generating fixture N=2048 n=24 m=12
[case 29/66] laine_corrected N=2048 n=24 m=12 setup (elapsed 0s)
[case 29/66] laine_corrected N=2048 n=24 m=12 warmup (1 solve) (elapsed 0s)
[case 29/66] laine_corrected N=2048 n=24 m=12 timing prepared solves: at least 1.000000 measured seconds (elapsed 0s)
[case 29/66] laine_corrected N=2048 n=24 m=12 validation (elapsed 1s)
[case 29/66] laine_corrected N=2048 n=24 m=12 timing setup+solve: at least 1.000000 measured seconds (elapsed 1s)
[case 29/66] laine_corrected N=2048 n=24 m=12 DONE status=ok (elapsed 2s)
[case 30/66] generating fixture N=4096 n=24 m=12
[case 30/66] laine_corrected N=4096 n=24 m=12 setup (elapsed 0s)
[case 30/66] laine_corrected N=4096 n=24 m=12 warmup (1 solve) (elapsed 0s)
[case 30/66] laine_corrected N=4096 n=24 m=12 timing prepared solves: at least 1.000000 measured seconds (elapsed 0s)
[case 30/66] laine_corrected N=4096 n=24 m=12 validation (elapsed 1s)
[case 30/66] laine_corrected N=4096 n=24 m=12 timing setup+solve: at least 1.000000 measured seconds (elapsed 1s)
[case 30/66] laine_corrected N=4096 n=24 m=12 DONE status=ok (elapsed 2s)
[case 31/66] generating fixture N=8192 n=24 m=12
[case 31/66] laine_corrected N=8192 n=24 m=12 setup (elapsed 0s)
[case 31/66] laine_corrected N=8192 n=24 m=12 warmup (1 solve) (elapsed 0s)
[case 31/66] laine_corrected N=8192 n=24 m=12 timing prepared solves: at least 1.000000 measured seconds (elapsed 0s)
[case 31/66] laine_corrected N=8192 n=24 m=12 validation (elapsed 1s)
[case 31/66] laine_corrected N=8192 n=24 m=12 timing setup+solve: at least 1.000000 measured seconds (elapsed 1s)
[case 31/66] laine_corrected N=8192 n=24 m=12 DONE status=ok (elapsed 2s)
[case 32/66] generating fixture N=16384 n=24 m=12
[case 32/66] laine_corrected N=16384 n=24 m=12 setup (elapsed 0s)
[case 32/66] laine_corrected N=16384 n=24 m=12 warmup (1 solve) (elapsed 0s)
[case 32/66] laine_corrected N=16384 n=24 m=12 timing prepared solves: at least 1.000000 measured seconds (elapsed 0s)
[case 32/66] laine_corrected N=16384 n=24 m=12 validation (elapsed 2s)
[case 32/66] laine_corrected N=16384 n=24 m=12 timing setup+solve: at least 1.000000 measured seconds (elapsed 2s)
[case 32/66] laine_corrected N=16384 n=24 m=12 DONE status=ok (elapsed 3s)
[case 33/66] generating fixture N=32768 n=24 m=12
[case 33/66] laine_corrected N=32768 n=24 m=12 setup (elapsed 0s)
[case 33/66] laine_corrected N=32768 n=24 m=12 warmup (1 solve) (elapsed 0s)
[case 33/66] laine_corrected N=32768 n=24 m=12 timing prepared solves: at least 1.000000 measured seconds (elapsed 1s)
[case 33/66] laine_corrected N=32768 n=24 m=12 validation (elapsed 2s)
[case 33/66] laine_corrected N=32768 n=24 m=12 timing setup+solve: at least 1.000000 measured seconds (elapsed 3s)
[case 33/66] laine_corrected N=32768 n=24 m=12 DONE status=ok (elapsed 4s)
[case 34/66] generating fixture N=32 n=32 m=16
[case 34/66] laine_corrected N=32 n=32 m=16 setup (elapsed 0s)
[case 34/66] laine_corrected N=32 n=32 m=16 warmup (1 solve) (elapsed 0s)
[case 34/66] laine_corrected N=32 n=32 m=16 timing prepared solves: at least 1.000000 measured seconds (elapsed 0s)
[case 34/66] laine_corrected N=32 n=32 m=16 validation (elapsed 1s)
[case 34/66] laine_corrected N=32 n=32 m=16 timing setup+solve: at least 1.000000 measured seconds (elapsed 1s)
[case 34/66] laine_corrected N=32 n=32 m=16 DONE status=ok (elapsed 2s)
[case 35/66] generating fixture N=64 n=32 m=16
[case 35/66] laine_corrected N=64 n=32 m=16 setup (elapsed 0s)
[case 35/66] laine_corrected N=64 n=32 m=16 warmup (1 solve) (elapsed 0s)
[case 35/66] laine_corrected N=64 n=32 m=16 timing prepared solves: at least 1.000000 measured seconds (elapsed 0s)
[case 35/66] laine_corrected N=64 n=32 m=16 validation (elapsed 1s)
[case 35/66] laine_corrected N=64 n=32 m=16 timing setup+solve: at least 1.000000 measured seconds (elapsed 1s)
[case 35/66] laine_corrected N=64 n=32 m=16 DONE status=ok (elapsed 2s)
[case 36/66] generating fixture N=128 n=32 m=16
[case 36/66] laine_corrected N=128 n=32 m=16 setup (elapsed 0s)
[case 36/66] laine_corrected N=128 n=32 m=16 warmup (1 solve) (elapsed 0s)
[case 36/66] laine_corrected N=128 n=32 m=16 timing prepared solves: at least 1.000000 measured seconds (elapsed 0s)
[case 36/66] laine_corrected N=128 n=32 m=16 validation (elapsed 1s)
[case 36/66] laine_corrected N=128 n=32 m=16 timing setup+solve: at least 1.000000 measured seconds (elapsed 1s)
[case 36/66] laine_corrected N=128 n=32 m=16 DONE status=ok (elapsed 2s)
[case 37/66] generating fixture N=256 n=32 m=16
[case 37/66] laine_corrected N=256 n=32 m=16 setup (elapsed 0s)
[case 37/66] laine_corrected N=256 n=32 m=16 warmup (1 solve) (elapsed 0s)
[case 37/66] laine_corrected N=256 n=32 m=16 timing prepared solves: at least 1.000000 measured seconds (elapsed 0s)
[case 37/66] laine_corrected N=256 n=32 m=16 validation (elapsed 1s)
[case 37/66] laine_corrected N=256 n=32 m=16 timing setup+solve: at least 1.000000 measured seconds (elapsed 1s)
[case 37/66] laine_corrected N=256 n=32 m=16 DONE status=ok (elapsed 2s)
[case 38/66] generating fixture N=512 n=32 m=16
[case 38/66] laine_corrected N=512 n=32 m=16 setup (elapsed 0s)
[case 38/66] laine_corrected N=512 n=32 m=16 warmup (1 solve) (elapsed 0s)
[case 38/66] laine_corrected N=512 n=32 m=16 timing prepared solves: at least 1.000000 measured seconds (elapsed 0s)
[case 38/66] laine_corrected N=512 n=32 m=16 validation (elapsed 1s)
[case 38/66] laine_corrected N=512 n=32 m=16 timing setup+solve: at least 1.000000 measured seconds (elapsed 1s)
[case 38/66] laine_corrected N=512 n=32 m=16 DONE status=ok (elapsed 2s)
[case 39/66] generating fixture N=1024 n=32 m=16
[case 39/66] laine_corrected N=1024 n=32 m=16 setup (elapsed 0s)
[case 39/66] laine_corrected N=1024 n=32 m=16 warmup (1 solve) (elapsed 0s)
[case 39/66] laine_corrected N=1024 n=32 m=16 timing prepared solves: at least 1.000000 measured seconds (elapsed 0s)
[case 39/66] laine_corrected N=1024 n=32 m=16 validation (elapsed 1s)
[case 39/66] laine_corrected N=1024 n=32 m=16 timing setup+solve: at least 1.000000 measured seconds (elapsed 1s)
[case 39/66] laine_corrected N=1024 n=32 m=16 DONE status=ok (elapsed 2s)
[case 40/66] generating fixture N=2048 n=32 m=16
[case 40/66] laine_corrected N=2048 n=32 m=16 setup (elapsed 0s)
[case 40/66] laine_corrected N=2048 n=32 m=16 warmup (1 solve) (elapsed 0s)
[case 40/66] laine_corrected N=2048 n=32 m=16 timing prepared solves: at least 1.000000 measured seconds (elapsed 0s)
[case 40/66] laine_corrected N=2048 n=32 m=16 validation (elapsed 1s)
[case 40/66] laine_corrected N=2048 n=32 m=16 timing setup+solve: at least 1.000000 measured seconds (elapsed 1s)
[case 40/66] laine_corrected N=2048 n=32 m=16 DONE status=ok (elapsed 2s)
[case 41/66] generating fixture N=4096 n=32 m=16
[case 41/66] laine_corrected N=4096 n=32 m=16 setup (elapsed 0s)
[case 41/66] laine_corrected N=4096 n=32 m=16 warmup (1 solve) (elapsed 0s)
[case 41/66] laine_corrected N=4096 n=32 m=16 timing prepared solves: at least 1.000000 measured seconds (elapsed 0s)
[case 41/66] laine_corrected N=4096 n=32 m=16 validation (elapsed 1s)
[case 41/66] laine_corrected N=4096 n=32 m=16 timing setup+solve: at least 1.000000 measured seconds (elapsed 1s)
[case 41/66] laine_corrected N=4096 n=32 m=16 DONE status=ok (elapsed 2s)
[case 42/66] generating fixture N=8192 n=32 m=16
[case 42/66] laine_corrected N=8192 n=32 m=16 setup (elapsed 0s)
[case 42/66] laine_corrected N=8192 n=32 m=16 warmup (1 solve) (elapsed 0s)
[case 42/66] laine_corrected N=8192 n=32 m=16 timing prepared solves: at least 1.000000 measured seconds (elapsed 0s)
[case 42/66] laine_corrected N=8192 n=32 m=16 validation (elapsed 1s)
[case 42/66] laine_corrected N=8192 n=32 m=16 timing setup+solve: at least 1.000000 measured seconds (elapsed 2s)
[case 42/66] laine_corrected N=8192 n=32 m=16 DONE status=ok (elapsed 3s)
[case 43/66] generating fixture N=16384 n=32 m=16
[case 43/66] laine_corrected N=16384 n=32 m=16 setup (elapsed 0s)
[case 43/66] laine_corrected N=16384 n=32 m=16 warmup (1 solve) (elapsed 0s)
[case 43/66] laine_corrected N=16384 n=32 m=16 timing prepared solves: at least 1.000000 measured seconds (elapsed 1s)
[case 43/66] laine_corrected N=16384 n=32 m=16 validation (elapsed 2s)
[case 43/66] laine_corrected N=16384 n=32 m=16 timing setup+solve: at least 1.000000 measured seconds (elapsed 2s)
[case 43/66] laine_corrected N=16384 n=32 m=16 DONE status=ok (elapsed 4s)
[case 44/66] generating fixture N=32768 n=32 m=16
[case 44/66] laine_corrected N=32768 n=32 m=16 setup (elapsed 0s)
[case 44/66] laine_corrected N=32768 n=32 m=16 warmup (1 solve) (elapsed 0s)
[case 44/66] laine_corrected N=32768 n=32 m=16 timing prepared solves: at least 1.000000 measured seconds (elapsed 2s)
[case 44/66] laine_corrected N=32768 n=32 m=16 validation (elapsed 5s)
[case 44/66] laine_corrected N=32768 n=32 m=16 timing setup+solve: at least 1.000000 measured seconds (elapsed 5s)
[case 44/66] laine_corrected N=32768 n=32 m=16 DONE status=ok (elapsed 8s)
[case 45/66] generating fixture N=32 n=48 m=24
[case 45/66] laine_corrected N=32 n=48 m=24 setup (elapsed 0s)
[case 45/66] laine_corrected N=32 n=48 m=24 warmup (1 solve) (elapsed 0s)
[case 45/66] laine_corrected N=32 n=48 m=24 timing prepared solves: at least 1.000000 measured seconds (elapsed 0s)
[case 45/66] laine_corrected N=32 n=48 m=24 validation (elapsed 1s)
[case 45/66] laine_corrected N=32 n=48 m=24 timing setup+solve: at least 1.000000 measured seconds (elapsed 1s)
[case 45/66] laine_corrected N=32 n=48 m=24 DONE status=ok (elapsed 2s)
[case 46/66] generating fixture N=64 n=48 m=24
[case 46/66] laine_corrected N=64 n=48 m=24 setup (elapsed 0s)
[case 46/66] laine_corrected N=64 n=48 m=24 warmup (1 solve) (elapsed 0s)
[case 46/66] laine_corrected N=64 n=48 m=24 timing prepared solves: at least 1.000000 measured seconds (elapsed 0s)
[case 46/66] laine_corrected N=64 n=48 m=24 validation (elapsed 1s)
[case 46/66] laine_corrected N=64 n=48 m=24 timing setup+solve: at least 1.000000 measured seconds (elapsed 1s)
[case 46/66] laine_corrected N=64 n=48 m=24 DONE status=ok (elapsed 2s)
[case 47/66] generating fixture N=128 n=48 m=24
[case 47/66] laine_corrected N=128 n=48 m=24 setup (elapsed 0s)
[case 47/66] laine_corrected N=128 n=48 m=24 warmup (1 solve) (elapsed 0s)
[case 47/66] laine_corrected N=128 n=48 m=24 timing prepared solves: at least 1.000000 measured seconds (elapsed 0s)
[case 47/66] laine_corrected N=128 n=48 m=24 validation (elapsed 1s)
[case 47/66] laine_corrected N=128 n=48 m=24 timing setup+solve: at least 1.000000 measured seconds (elapsed 1s)
[case 47/66] laine_corrected N=128 n=48 m=24 DONE status=ok (elapsed 2s)
[case 48/66] generating fixture N=256 n=48 m=24
[case 48/66] laine_corrected N=256 n=48 m=24 setup (elapsed 0s)
[case 48/66] laine_corrected N=256 n=48 m=24 warmup (1 solve) (elapsed 0s)
[case 48/66] laine_corrected N=256 n=48 m=24 timing prepared solves: at least 1.000000 measured seconds (elapsed 0s)
[case 48/66] laine_corrected N=256 n=48 m=24 validation (elapsed 1s)
[case 48/66] laine_corrected N=256 n=48 m=24 timing setup+solve: at least 1.000000 measured seconds (elapsed 1s)
[case 48/66] laine_corrected N=256 n=48 m=24 DONE status=ok (elapsed 2s)
[case 49/66] generating fixture N=512 n=48 m=24
[case 49/66] laine_corrected N=512 n=48 m=24 setup (elapsed 0s)
[case 49/66] laine_corrected N=512 n=48 m=24 warmup (1 solve) (elapsed 0s)
[case 49/66] laine_corrected N=512 n=48 m=24 timing prepared solves: at least 1.000000 measured seconds (elapsed 0s)
[case 49/66] laine_corrected N=512 n=48 m=24 validation (elapsed 1s)
[case 49/66] laine_corrected N=512 n=48 m=24 timing setup+solve: at least 1.000000 measured seconds (elapsed 1s)
[case 49/66] laine_corrected N=512 n=48 m=24 DONE status=ok (elapsed 2s)
[case 50/66] generating fixture N=1024 n=48 m=24
[case 50/66] laine_corrected N=1024 n=48 m=24 setup (elapsed 0s)
[case 50/66] laine_corrected N=1024 n=48 m=24 warmup (1 solve) (elapsed 0s)
[case 50/66] laine_corrected N=1024 n=48 m=24 timing prepared solves: at least 1.000000 measured seconds (elapsed 0s)
[case 50/66] laine_corrected N=1024 n=48 m=24 validation (elapsed 1s)
[case 50/66] laine_corrected N=1024 n=48 m=24 timing setup+solve: at least 1.000000 measured seconds (elapsed 1s)
[case 50/66] laine_corrected N=1024 n=48 m=24 DONE status=ok (elapsed 2s)
[case 51/66] generating fixture N=2048 n=48 m=24
[case 51/66] laine_corrected N=2048 n=48 m=24 setup (elapsed 0s)
[case 51/66] laine_corrected N=2048 n=48 m=24 warmup (1 solve) (elapsed 0s)
[case 51/66] laine_corrected N=2048 n=48 m=24 timing prepared solves: at least 1.000000 measured seconds (elapsed 0s)
[case 51/66] laine_corrected N=2048 n=48 m=24 validation (elapsed 1s)
[case 51/66] laine_corrected N=2048 n=48 m=24 timing setup+solve: at least 1.000000 measured seconds (elapsed 1s)
[case 51/66] laine_corrected N=2048 n=48 m=24 DONE status=ok (elapsed 2s)
[case 52/66] generating fixture N=4096 n=48 m=24
[case 52/66] laine_corrected N=4096 n=48 m=24 setup (elapsed 0s)
[case 52/66] laine_corrected N=4096 n=48 m=24 warmup (1 solve) (elapsed 0s)
[case 52/66] laine_corrected N=4096 n=48 m=24 timing prepared solves: at least 1.000000 measured seconds (elapsed 0s)
[case 52/66] laine_corrected N=4096 n=48 m=24 validation (elapsed 2s)
[case 52/66] laine_corrected N=4096 n=48 m=24 timing setup+solve: at least 1.000000 measured seconds (elapsed 2s)
[case 52/66] laine_corrected N=4096 n=48 m=24 DONE status=ok (elapsed 4s)
[case 53/66] generating fixture N=8192 n=48 m=24
[case 53/66] laine_corrected N=8192 n=48 m=24 setup (elapsed 0s)
[case 53/66] laine_corrected N=8192 n=48 m=24 warmup (1 solve) (elapsed 0s)
[case 53/66] laine_corrected N=8192 n=48 m=24 timing prepared solves: at least 1.000000 measured seconds (elapsed 1s)
[case 53/66] laine_corrected N=8192 n=48 m=24 validation (elapsed 3s)
[case 53/66] laine_corrected N=8192 n=48 m=24 timing setup+solve: at least 1.000000 measured seconds (elapsed 3s)
[case 53/66] laine_corrected N=8192 n=48 m=24 DONE status=ok (elapsed 5s)
[case 54/66] generating fixture N=16384 n=48 m=24
[case 54/66] laine_corrected N=16384 n=48 m=24 setup (elapsed 0s)
[case 54/66] laine_corrected N=16384 n=48 m=24 warmup (1 solve) (elapsed 0s)
[case 54/66] laine_corrected N=16384 n=48 m=24 timing prepared solves: at least 1.000000 measured seconds (elapsed 3s)
[case 54/66] laine_corrected N=16384 n=48 m=24 validation (elapsed 6s)
[case 54/66] laine_corrected N=16384 n=48 m=24 timing setup+solve: at least 1.000000 measured seconds (elapsed 7s)
[case 54/66] laine_corrected N=16384 n=48 m=24 DONE status=ok (elapsed 10s)
[case 55/66] generating fixture N=32768 n=48 m=24
[case 55/66] laine_corrected N=32768 n=48 m=24 setup (elapsed 0s)
[case 55/66] laine_corrected N=32768 n=48 m=24 warmup (1 solve) (elapsed 0s)
[case 55/66] laine_corrected N=32768 n=48 m=24 timing prepared solves: at least 1.000000 measured seconds (elapsed 7s)
[case 55/66] laine_corrected N=32768 n=48 m=24 validation (elapsed 13s)
[case 55/66] laine_corrected N=32768 n=48 m=24 timing setup+solve: at least 1.000000 measured seconds (elapsed 14s)
[case 55/66] laine_corrected N=32768 n=48 m=24 DONE status=ok (elapsed 21s)
[case 56/66] generating fixture N=32 n=64 m=32
[case 56/66] laine_corrected N=32 n=64 m=32 setup (elapsed 0s)
[case 56/66] laine_corrected N=32 n=64 m=32 warmup (1 solve) (elapsed 0s)
[case 56/66] laine_corrected N=32 n=64 m=32 timing prepared solves: at least 1.000000 measured seconds (elapsed 0s)
[case 56/66] laine_corrected N=32 n=64 m=32 validation (elapsed 1s)
[case 56/66] laine_corrected N=32 n=64 m=32 timing setup+solve: at least 1.000000 measured seconds (elapsed 1s)
[case 56/66] laine_corrected N=32 n=64 m=32 DONE status=ok (elapsed 2s)
[case 57/66] generating fixture N=64 n=64 m=32
[case 57/66] laine_corrected N=64 n=64 m=32 setup (elapsed 0s)
[case 57/66] laine_corrected N=64 n=64 m=32 warmup (1 solve) (elapsed 0s)
[case 57/66] laine_corrected N=64 n=64 m=32 timing prepared solves: at least 1.000000 measured seconds (elapsed 0s)
[case 57/66] laine_corrected N=64 n=64 m=32 validation (elapsed 1s)
[case 57/66] laine_corrected N=64 n=64 m=32 timing setup+solve: at least 1.000000 measured seconds (elapsed 1s)
[case 57/66] laine_corrected N=64 n=64 m=32 DONE status=ok (elapsed 2s)
[case 58/66] generating fixture N=128 n=64 m=32
[case 58/66] laine_corrected N=128 n=64 m=32 setup (elapsed 0s)
[case 58/66] laine_corrected N=128 n=64 m=32 warmup (1 solve) (elapsed 0s)
[case 58/66] laine_corrected N=128 n=64 m=32 timing prepared solves: at least 1.000000 measured seconds (elapsed 0s)
[case 58/66] laine_corrected N=128 n=64 m=32 validation (elapsed 1s)
[case 58/66] laine_corrected N=128 n=64 m=32 timing setup+solve: at least 1.000000 measured seconds (elapsed 1s)
[case 58/66] laine_corrected N=128 n=64 m=32 DONE status=ok (elapsed 2s)
[case 59/66] generating fixture N=256 n=64 m=32
[case 59/66] laine_corrected N=256 n=64 m=32 setup (elapsed 0s)
[case 59/66] laine_corrected N=256 n=64 m=32 warmup (1 solve) (elapsed 0s)
[case 59/66] laine_corrected N=256 n=64 m=32 timing prepared solves: at least 1.000000 measured seconds (elapsed 0s)
[case 59/66] laine_corrected N=256 n=64 m=32 validation (elapsed 1s)
[case 59/66] laine_corrected N=256 n=64 m=32 timing setup+solve: at least 1.000000 measured seconds (elapsed 1s)
[case 59/66] laine_corrected N=256 n=64 m=32 DONE status=ok (elapsed 2s)
[case 60/66] generating fixture N=512 n=64 m=32
[case 60/66] laine_corrected N=512 n=64 m=32 setup (elapsed 0s)
[case 60/66] laine_corrected N=512 n=64 m=32 warmup (1 solve) (elapsed 0s)
[case 60/66] laine_corrected N=512 n=64 m=32 timing prepared solves: at least 1.000000 measured seconds (elapsed 0s)
[case 60/66] laine_corrected N=512 n=64 m=32 validation (elapsed 1s)
[case 60/66] laine_corrected N=512 n=64 m=32 timing setup+solve: at least 1.000000 measured seconds (elapsed 1s)
[case 60/66] laine_corrected N=512 n=64 m=32 DONE status=ok (elapsed 2s)
[case 61/66] generating fixture N=1024 n=64 m=32
[case 61/66] laine_corrected N=1024 n=64 m=32 setup (elapsed 0s)
[case 61/66] laine_corrected N=1024 n=64 m=32 warmup (1 solve) (elapsed 0s)
[case 61/66] laine_corrected N=1024 n=64 m=32 timing prepared solves: at least 1.000000 measured seconds (elapsed 0s)
[case 61/66] laine_corrected N=1024 n=64 m=32 validation (elapsed 1s)
[case 61/66] laine_corrected N=1024 n=64 m=32 timing setup+solve: at least 1.000000 measured seconds (elapsed 1s)
[case 61/66] laine_corrected N=1024 n=64 m=32 DONE status=ok (elapsed 3s)
[case 62/66] generating fixture N=2048 n=64 m=32
[case 62/66] laine_corrected N=2048 n=64 m=32 setup (elapsed 0s)
[case 62/66] laine_corrected N=2048 n=64 m=32 warmup (1 solve) (elapsed 0s)
[case 62/66] laine_corrected N=2048 n=64 m=32 timing prepared solves: at least 1.000000 measured seconds (elapsed 0s)
[case 62/66] laine_corrected N=2048 n=64 m=32 validation (elapsed 2s)
[case 62/66] laine_corrected N=2048 n=64 m=32 timing setup+solve: at least 1.000000 measured seconds (elapsed 2s)
[case 62/66] laine_corrected N=2048 n=64 m=32 DONE status=ok (elapsed 4s)
[case 63/66] generating fixture N=4096 n=64 m=32
[case 63/66] laine_corrected N=4096 n=64 m=32 setup (elapsed 0s)
[case 63/66] laine_corrected N=4096 n=64 m=32 warmup (1 solve) (elapsed 0s)
[case 63/66] laine_corrected N=4096 n=64 m=32 timing prepared solves: at least 1.000000 measured seconds (elapsed 1s)
[case 63/66] laine_corrected N=4096 n=64 m=32 validation (elapsed 3s)
[case 63/66] laine_corrected N=4096 n=64 m=32 timing setup+solve: at least 1.000000 measured seconds (elapsed 3s)
[case 63/66] laine_corrected N=4096 n=64 m=32 DONE status=ok (elapsed 5s)
[case 64/66] generating fixture N=8192 n=64 m=32
[case 64/66] laine_corrected N=8192 n=64 m=32 setup (elapsed 0s)
[case 64/66] laine_corrected N=8192 n=64 m=32 warmup (1 solve) (elapsed 0s)
[case 64/66] laine_corrected N=8192 n=64 m=32 timing prepared solves: at least 1.000000 measured seconds (elapsed 3s)
[case 64/66] laine_corrected N=8192 n=64 m=32 validation (elapsed 6s)
[case 64/66] laine_corrected N=8192 n=64 m=32 timing setup+solve: at least 1.000000 measured seconds (elapsed 7s)
[case 64/66] laine_corrected N=8192 n=64 m=32 DONE status=ok (elapsed 10s)
[case 65/66] generating fixture N=16384 n=64 m=32
[case 65/66] laine_corrected N=16384 n=64 m=32 setup (elapsed 0s)
[case 65/66] laine_corrected N=16384 n=64 m=32 warmup (1 solve) (elapsed 0s)
[case 65/66] laine_corrected N=16384 n=64 m=32 timing prepared solves: at least 1.000000 measured seconds (elapsed 7s)
[case 65/66] laine_corrected N=16384 n=64 m=32 validation (elapsed 13s)
[case 65/66] laine_corrected N=16384 n=64 m=32 timing setup+solve: at least 1.000000 measured seconds (elapsed 14s)
[case 65/66] laine_corrected N=16384 n=64 m=32 DONE status=ok (elapsed 21s)
[case 66/66] generating fixture N=32768 n=64 m=32
[case 66/66] laine_corrected N=32768 n=64 m=32 setup (elapsed 0s)
[case 66/66] laine_corrected N=32768 n=64 m=32 warmup (1 solve) (elapsed 1s)
[case 66/66] laine_corrected N=32768 n=64 m=32 timing prepared solves: at least 1.000000 measured seconds (elapsed 14s)
[case 66/66] laine_corrected N=32768 n=64 m=32 validation (elapsed 27s)
[case 66/66] laine_corrected N=32768 n=64 m=32 timing setup+solve: at least 1.000000 measured seconds (elapsed 28s)
[case 66/66] laine_corrected N=32768 n=64 m=32 DONE status=ok (elapsed 42s)
